Archive member included to satisfy reference by file (symbol)

c:/st/stm32cubeide_1.5.1/stm32cubeide/plugins/com.st.stm32cube.ide.mcu.externaltools.gnu-tools-for-stm32.9-2020-q2-update.win32_1.5.0.202011040924/tools/bin/../lib/gcc/arm-none-eabi/9.3.1/../../../../arm-none-eabi/lib/thumb/v7-m/nofp\libc_nano.a(lib_a-errno.o)
                              Core/Src/syscalls.o (__errno)
c:/st/stm32cubeide_1.5.1/stm32cubeide/plugins/com.st.stm32cube.ide.mcu.externaltools.gnu-tools-for-stm32.9-2020-q2-update.win32_1.5.0.202011040924/tools/bin/../lib/gcc/arm-none-eabi/9.3.1/../../../../arm-none-eabi/lib/thumb/v7-m/nofp\libc_nano.a(lib_a-exit.o)
                              c:/st/stm32cubeide_1.5.1/stm32cubeide/plugins/com.st.stm32cube.ide.mcu.externaltools.gnu-tools-for-stm32.9-2020-q2-update.win32_1.5.0.202011040924/tools/bin/../lib/gcc/arm-none-eabi/9.3.1/../../../../arm-none-eabi/lib/thumb/v7-m/nofp/crt0.o (exit)
c:/st/stm32cubeide_1.5.1/stm32cubeide/plugins/com.st.stm32cube.ide.mcu.externaltools.gnu-tools-for-stm32.9-2020-q2-update.win32_1.5.0.202011040924/tools/bin/../lib/gcc/arm-none-eabi/9.3.1/../../../../arm-none-eabi/lib/thumb/v7-m/nofp\libc_nano.a(lib_a-impure.o)
                              c:/st/stm32cubeide_1.5.1/stm32cubeide/plugins/com.st.stm32cube.ide.mcu.externaltools.gnu-tools-for-stm32.9-2020-q2-update.win32_1.5.0.202011040924/tools/bin/../lib/gcc/arm-none-eabi/9.3.1/../../../../arm-none-eabi/lib/thumb/v7-m/nofp\libc_nano.a(lib_a-exit.o) (_global_impure_ptr)
c:/st/stm32cubeide_1.5.1/stm32cubeide/plugins/com.st.stm32cube.ide.mcu.externaltools.gnu-tools-for-stm32.9-2020-q2-update.win32_1.5.0.202011040924/tools/bin/../lib/gcc/arm-none-eabi/9.3.1/../../../../arm-none-eabi/lib/thumb/v7-m/nofp\libc_nano.a(lib_a-init.o)
                              c:/st/stm32cubeide_1.5.1/stm32cubeide/plugins/com.st.stm32cube.ide.mcu.externaltools.gnu-tools-for-stm32.9-2020-q2-update.win32_1.5.0.202011040924/tools/bin/../lib/gcc/arm-none-eabi/9.3.1/../../../../arm-none-eabi/lib/thumb/v7-m/nofp/crt0.o (__libc_init_array)
c:/st/stm32cubeide_1.5.1/stm32cubeide/plugins/com.st.stm32cube.ide.mcu.externaltools.gnu-tools-for-stm32.9-2020-q2-update.win32_1.5.0.202011040924/tools/bin/../lib/gcc/arm-none-eabi/9.3.1/../../../../arm-none-eabi/lib/thumb/v7-m/nofp\libc_nano.a(lib_a-memset.o)
                              c:/st/stm32cubeide_1.5.1/stm32cubeide/plugins/com.st.stm32cube.ide.mcu.externaltools.gnu-tools-for-stm32.9-2020-q2-update.win32_1.5.0.202011040924/tools/bin/../lib/gcc/arm-none-eabi/9.3.1/../../../../arm-none-eabi/lib/thumb/v7-m/nofp/crt0.o (memset)
c:/st/stm32cubeide_1.5.1/stm32cubeide/plugins/com.st.stm32cube.ide.mcu.externaltools.gnu-tools-for-stm32.9-2020-q2-update.win32_1.5.0.202011040924/tools/bin/../lib/gcc/arm-none-eabi/9.3.1/../../../../arm-none-eabi/lib/thumb/v7-m/nofp\libm.a(lib_a-w_sqrt.o)
                              Core/Src/cnc.o (sqrt)
c:/st/stm32cubeide_1.5.1/stm32cubeide/plugins/com.st.stm32cube.ide.mcu.externaltools.gnu-tools-for-stm32.9-2020-q2-update.win32_1.5.0.202011040924/tools/bin/../lib/gcc/arm-none-eabi/9.3.1/../../../../arm-none-eabi/lib/thumb/v7-m/nofp\libm.a(lib_a-e_sqrt.o)
                              c:/st/stm32cubeide_1.5.1/stm32cubeide/plugins/com.st.stm32cube.ide.mcu.externaltools.gnu-tools-for-stm32.9-2020-q2-update.win32_1.5.0.202011040924/tools/bin/../lib/gcc/arm-none-eabi/9.3.1/../../../../arm-none-eabi/lib/thumb/v7-m/nofp\libm.a(lib_a-w_sqrt.o) (__ieee754_sqrt)
c:/st/stm32cubeide_1.5.1/stm32cubeide/plugins/com.st.stm32cube.ide.mcu.externaltools.gnu-tools-for-stm32.9-2020-q2-update.win32_1.5.0.202011040924/tools/bin/../lib/gcc/arm-none-eabi/9.3.1/../../../../arm-none-eabi/lib/thumb/v7-m/nofp\libm.a(lib_a-s_lib_ver.o)
                              c:/st/stm32cubeide_1.5.1/stm32cubeide/plugins/com.st.stm32cube.ide.mcu.externaltools.gnu-tools-for-stm32.9-2020-q2-update.win32_1.5.0.202011040924/tools/bin/../lib/gcc/arm-none-eabi/9.3.1/../../../../arm-none-eabi/lib/thumb/v7-m/nofp\libm.a(lib_a-w_sqrt.o) (__fdlib_version)
c:/st/stm32cubeide_1.5.1/stm32cubeide/plugins/com.st.stm32cube.ide.mcu.externaltools.gnu-tools-for-stm32.9-2020-q2-update.win32_1.5.0.202011040924/tools/bin/../lib/gcc/arm-none-eabi/9.3.1/thumb/v7-m/nofp\libgcc.a(_arm_muldf3.o)
                              c:/st/stm32cubeide_1.5.1/stm32cubeide/plugins/com.st.stm32cube.ide.mcu.externaltools.gnu-tools-for-stm32.9-2020-q2-update.win32_1.5.0.202011040924/tools/bin/../lib/gcc/arm-none-eabi/9.3.1/../../../../arm-none-eabi/lib/thumb/v7-m/nofp\libm.a(lib_a-e_sqrt.o) (__aeabi_dmul)
c:/st/stm32cubeide_1.5.1/stm32cubeide/plugins/com.st.stm32cube.ide.mcu.externaltools.gnu-tools-for-stm32.9-2020-q2-update.win32_1.5.0.202011040924/tools/bin/../lib/gcc/arm-none-eabi/9.3.1/thumb/v7-m/nofp\libgcc.a(_arm_addsubdf3.o)
[...]
Memory Configuration

Name             Origin             Length             Attributes
RAM              0x0000000020000000 0x0000000000005000 xrw
FLASH            0x0000000008000000 0x0000000000010000 xr
*default*        0x0000000000000000 0xffffffffffffffff

Linker script and memory map

LOAD c:/st/stm32cubeide_1.5.1/stm32cubeide/plugins/com.st.stm32cube.ide.mcu.externaltools.gnu-tools-for-stm32.9-2020-q2-update.win32_1.5.0.202011040924/tools/bin/../lib/gcc/arm-none-eabi/9.3.1/thumb/v7-m/nofp/crti.o
LOAD c:/st/stm32cubeide_1.5.1/stm32cubeide/plugins/com.st.stm32cube.ide.mcu.externaltools.gnu-tools-for-stm32.9-2020-q2-update.win32_1.5.0.202011040924/tools/bin/../lib/gcc/arm-none-eabi/9.3.1/thumb/v7-m/nofp/crtbegin.o
LOAD c:/st/stm32cubeide_1.5.1/stm32cubeide/plugins/com.st.stm32cube.ide.mcu.externaltools.gnu-tools-for-stm32.9-2020-q2-update.win32_1.5.0.202011040924/tools/bin/../lib/gcc/arm-none-eabi/9.3.1/../../../../arm-none-eabi/lib/thumb/v7-m/nofp/crt0.o
LOAD Core/Src/cnc.o
LOAD Core/Src/console.o
LOAD Core/Src/gpio.o
LOAD Core/Src/i2c.o
LOAD Core/Src/lcd_i2c.o
LOAD Core/Src/main.o
LOAD Core/Src/my_print.o
LOAD Core/Src/stm32f1xx_hal_msp.o
LOAD Core/Src/stm32f1xx_it.o
LOAD Core/Src/syscalls.o
LOAD Core/Src/sysmem.o
LOAD Core/Src/system_stm32f1xx.o
LOAD Core/Src/usart.o
LOAD Core/Startup/startup_stm32f103c8tx.o
LOAD Drivers/STM32F1xx_HAL_Driver/Src/stm32f1xx_hal.o
LOAD Drivers/STM32F1xx_HAL_Driver/Src/stm32f1xx_hal_cortex.o
LOAD Drivers/STM32F1xx_HAL_Driver/Src/stm32f1xx_hal_dma.o
LOAD Drivers/STM32F1xx_HAL_Driver/Src/stm32f1xx_hal_exti.o
LOAD Drivers/STM32F1xx_HAL_Driver/Src/stm32f1xx_hal_flash.o
LOAD Drivers/STM32F1xx_HAL_Driver/Src/stm32f1xx_hal_flash_ex.o
LOAD Drivers/STM32F1xx_HAL_Driver/Src/stm32f1xx_hal_gpio.o
LOAD Drivers/STM32F1xx_HAL_Driver/Src/stm32f1xx_hal_gpio_ex.o
LOAD Drivers/STM32F1xx_HAL_Driver/Src/stm32f1xx_hal_i2c.o
LOAD Drivers/STM32F1xx_HAL_Driver/Src/stm32f1xx_hal_pcd.o
LOAD Drivers/STM32F1xx_HAL_Driver/Src/stm32f1xx_hal_pcd_ex.o
LOAD Drivers/STM32F1xx_HAL_Driver/Src/stm32f1xx_hal_pwr.o
LOAD Drivers/STM32F1xx_HAL_Driver/Src/stm32f1xx_hal_rcc.o
LOAD Drivers/STM32F1xx_HAL_Driver/Src/stm32f1xx_hal_rcc_ex.o
LOAD Drivers/STM32F1xx_HAL_Driver/Src/stm32f1xx_hal_tim.o
LOAD Drivers/STM32F1xx_HAL_Driver/Src/stm32f1xx_hal_tim_ex.o
LOAD Drivers/STM32F1xx_HAL_Driver/Src/stm32f1xx_hal_uart.o
LOAD Drivers/STM32F1xx_HAL_Driver/Src/stm32f1xx_ll_usb.o
LOAD Middlewares/ST/STM32_USB_Device_Library/Class/CDC/Src/usbd_cdc.o
LOAD Middlewares/ST/STM32_USB_Device_Library/Core/Src/usbd_core.o
LOAD Middlewares/ST/STM32_USB_Device_Library/Core/Src/usbd_ctlreq.o
LOAD Middlewares/ST/STM32_USB_Device_Library/Core/Src/usbd_ioreq.o
LOAD USB_DEVICE/App/usb_device.o
LOAD USB_DEVICE/App/usbd_cdc_if.o
LOAD USB_DEVICE/App/usbd_desc.o
LOAD USB_DEVICE/Target/usbd_conf.o
START GROUP
LOAD c:/st/stm32cubeide_1.5.1/stm32cubeide/plugins/com.st.stm32cube.ide.mcu.externaltools.gnu-tools-for-stm32.9-2020-q2-update.win32_1.5.0.202011040924/tools/bin/../lib/gcc/arm-none-eabi/9.3.1/../../../../arm-none-eabi/lib/thumb/v7-m/nofp\libc_nano.a
LOAD c:/st/stm32cubeide_1.5.1/stm32cubeide/plugins/com.st.stm32cube.ide.mcu.externaltools.gnu-tools-for-stm32.9-2020-q2-update.win32_1.5.0.202011040924/tools/bin/../lib/gcc/arm-none-eabi/9.3.1/../../../../arm-none-eabi/lib/thumb/v7-m/nofp\libm.a
END GROUP
START GROUP
LOAD c:/st/stm32cubeide_1.5.1/stm32cubeide/plugins/com.st.stm32cube.ide.mcu.externaltools.gnu-tools-for-stm32.9-2020-q2-update.win32_1.5.0.202011040924/tools/bin/../lib/gcc/arm-none-eabi/9.3.1/thumb/v7-m/nofp\libgcc.a
LOAD c:/st/stm32cubeide_1.5.1/stm32cubeide/plugins/com.st.stm32cube.ide.mcu.externaltools.gnu-tools-for-stm32.9-2020-q2-update.win32_1.5.0.202011040924/tools/bin/../lib/gcc/arm-none-eabi/9.3.1/../../../../arm-none-eabi/lib/thumb/v7-m/nofp\libc_nano.a
END GROUP
START GROUP
LOAD c:/st/stm32cubeide_1.5.1/stm32cubeide/plugins/com.st.stm32cube.ide.mcu.externaltools.gnu-tools-for-stm32.9-2020-q2-update.win32_1.5.0.202011040924/tools/bin/../lib/gcc/arm-none-eabi/9.3.1/thumb/v7-m/nofp\libgcc.a
LOAD c:/st/stm32cubeide_1.5.1/stm32cubeide/plugins/com.st.stm32cube.ide.mcu.externaltools.gnu-tools-for-stm32.9-2020-q2-update.win32_1.5.0.202011040924/tools/bin/../lib/gcc/arm-none-eabi/9.3.1/../../../../arm-none-eabi/lib/thumb/v7-m/nofp\libc_nano.a
LOAD c:/st/stm32cubeide_1.5.1/stm32cubeide/plugins/com.st.stm32cube.ide.mcu.externaltools.gnu-tools-for-stm32.9-2020-q2-update.win32_1.5.0.202011040924/tools/bin/../lib/gcc/arm-none-eabi/9.3.1/../../../../arm-none-eabi/lib/thumb/v7-m/nofp\libnosys.a
END GROUP
START GROUP
LOAD c:/st/stm32cubeide_1.5.1/stm32cubeide/plugins/com.st.stm32cube.ide.mcu.externaltools.gnu-tools-for-stm32.9-2020-q2-update.win32_1.5.0.202011040924/tools/bin/../lib/gcc/arm-none-eabi/9.3.1/thumb/v7-m/nofp\libgcc.a
LOAD c:/st/stm32cubeide_1.5.1/stm32cubeide/plugins/com.st.stm32cube.ide.mcu.externaltools.gnu-tools-for-stm32.9-2020-q2-update.win32_1.5.0.202011040924/tools/bin/../lib/gcc/arm-none-eabi/9.3.1/../../../../arm-none-eabi/lib/thumb/v7-m/nofp\libc_nano.a
LOAD c:/st/stm32cubeide_1.5.1/stm32cubeide/plugins/com.st.stm32cube.ide.mcu.externaltools.gnu-tools-for-stm32.9-2020-q2-update.win32_1.5.0.202011040924/tools/bin/../lib/gcc/arm-none-eabi/9.3.1/../../../../arm-none-eabi/lib/thumb/v7-m/nofp\libnosys.a
END GROUP
LOAD c:/st/stm32cubeide_1.5.1/stm32cubeide/plugins/com.st.stm32cube.ide.mcu.externaltools.gnu-tools-for-stm32.9-2020-q2-update.win32_1.5.0.202011040924/tools/bin/../lib/gcc/arm-none-eabi/9.3.1/thumb/v7-m/nofp/crtend.o
LOAD c:/st/stm32cubeide_1.5.1/stm32cubeide/plugins/com.st.stm32cube.ide.mcu.externaltools.gnu-tools-for-stm32.9-2020-q2-update.win32_1.5.0.202011040924/tools/bin/../lib/gcc/arm-none-eabi/9.3.1/thumb/v7-m/nofp/crtn.o
                0x0000000020005000                _estack = (ORIGIN (RAM) + LENGTH (RAM))
                0x0000000000000200                _Min_Heap_Size = 0x200
                0x0000000000000400                _Min_Stack_Size = 0x400

.isr_vector     0x0000000008000000      0x10c
                0x0000000008000000                . = ALIGN (0x4)
 *(.isr_vector)
 .isr_vector    0x0000000008000000      0x10c Core/Startup/startup_stm32f103c8tx.o
                0x0000000008000000                g_pfnVectors
                0x000000000800010c                . = ALIGN (0x4)

.text           0x000000000800010c     0xd62c
                0x000000000800010c                . = ALIGN (0x4)
 *(.text)
 .text          0x000000000800010c       0x40 c:/st/stm32cubeide_1.5.1/stm32cubeide/plugins/com.st.stm32cube.ide.mcu.externaltools.gnu-tools-for-stm32.9-2020-q2-update.win32_1.5.0.202011040924/tools/bin/../lib/gcc/arm-none-eabi/9.3.1/thumb/v7-m/nofp/crtbegin.o
 .text          0x000000000800014c      0x378 c:/st/stm32cubeide_1.5.1/stm32cubeide/plugins/com.st.stm32cube.ide.mcu.externaltools.gnu-tools-for-stm32.9-2020-q2-update.win32_1.5.0.202011040924/tools/bin/../lib/gcc/arm-none-eabi/9.3.1/thumb/v7-m/nofp\libgcc.a(_arm_addsubdf3.o)
                0x000000000800014c                __aeabi_drsub
                0x0000000008000154                __aeabi_dsub
                0x0000000008000154                __subdf3
                0x0000000008000158                __aeabi_dadd
                0x0000000008000158                __adddf3
                0x00000000080003d0                __floatunsidf
                0x00000000080003d0                __aeabi_ui2d
                0x00000000080003f0                __floatsidf
                0x00000000080003f0                __aeabi_i2d
                0x0000000008000414                __aeabi_f2d
                0x0000000008000414                __extendsfdf2
                0x0000000008000458                __floatundidf
                0x0000000008000458                __aeabi_ul2d
                0x0000000008000468                __floatdidf
                0x0000000008000468                __aeabi_l2d
 .text          0x00000000080004c4      0x424 c:/st/stm32cubeide_1.5.1/stm32cubeide/plugins/com.st.stm32cube.ide.mcu.externaltools.gnu-tools-for-stm32.9-2020-q2-update.win32_1.5.0.202011040924/tools/bin/../lib/gcc/arm-none-eabi/9.3.1/thumb/v7-m/nofp\libgcc.a(_arm_muldivdf3.o)
                0x00000000080004c4                __aeabi_dmul
                0x00000000080004c4                __muldf3
                0x0000000008000718                __divdf3
                0x0000000008000718                __aeabi_ddiv
 .text          0x00000000080008e8      0x110 c:/st/stm32cubeide_1.5.1/stm32cubeide/plugins/com.st.stm32cube.ide.mcu.externaltools.gnu-tools-for-stm32.9-2020-q2-update.win32_1.5.0.202011040924/tools/bin/../lib/gcc/arm-none-eabi/9.3.1/thumb/v7-m/nofp\libgcc.a(_arm_cmpdf2.o)
                0x00000000080008e8                __gtdf2
                0x00000000080008e8                __gedf2
                0x00000000080008f0                __ltdf2
                0x00000000080008f0                __ledf2
                0x00000000080008f8                __nedf2
                0x00000000080008f8                __eqdf2
                0x00000000080008f8                __cmpdf2
                0x0000000008000974                __aeabi_cdrcmple
                0x0000000008000984                __aeabi_cdcmpeq
                0x0000000008000984                __aeabi_cdcmple
                0x0000000008000994                __aeabi_dcmpeq
                0x00000000080009a8                __aeabi_dcmplt
                0x00000000080009bc                __aeabi_dcmple
                0x00000000080009d0                __aeabi_dcmpge
                0x00000000080009e4                __aeabi_dcmpgt
 .text          0x00000000080009f8       0x2c c:/st/stm32cubeide_1.5.1/stm32cubeide/plugins/com.st.stm32cube.ide.mcu.externaltools.gnu-tools-for-stm32.9-2020-q2-update.win32_1.5.0.202011040924/tools/bin/../lib/gcc/arm-none-eabi/9.3.1/thumb/v7-m/nofp\libgcc.a(_arm_unorddf2.o)
                0x00000000080009f8                __unorddf2
                0x00000000080009f8                __aeabi_dcmpun
 .text          0x0000000008000a24       0x50 c:/st/stm32cubeide_1.5.1/stm32cubeide/plugins/com.st.stm32cube.ide.mcu.externaltools.gnu-tools-for-stm32.9-2020-q2-update.win32_1.5.0.202011040924/tools/bin/../lib/gcc/arm-none-eabi/9.3.1/thumb/v7-m/nofp\libgcc.a(_arm_fixdfsi.o)
                0x0000000008000a24                __aeabi_d2iz
                0x0000000008000a24                __fixdfsi
 *(.text*)
 .text.CNC_StartTask_ab
                0x0000000008000a74       0x58 Core/Src/cnc.o
                0x0000000008000a74                CNC_StartTask_ab
 .text.CNC_Init
                0x0000000008000acc      0x2ac Core/Src/cnc.o
                0x0000000008000acc                CNC_Init
 .text.CNC_Start_GoTo_ab
                0x0000000008000d78       0x7c Core/Src/cnc.o
                0x0000000008000d78                CNC_Start_GoTo_ab
 .text.CNC_Start_GoTo_i
                0x0000000008000df4       0x1c Core/Src/cnc.o
                0x0000000008000df4                CNC_Start_GoTo_i
 .text.CNC_SetSpeed_i
                0x0000000008000e10       0x74 Core/Src/cnc.o
                0x0000000008000e10                CNC_SetSpeed_i
 .text.CNC_Stop
                0x0000000008000e84       0x70 Core/Src/cnc.o
                0x0000000008000e84                CNC_Stop
 .text.CNC_Stop_i
                0x0000000008000ef4       0x4c Core/Src/cnc.o
                0x0000000008000ef4                CNC_Stop_i
 .text.CNC_ResetCoord
                0x0000000008000f40       0x2c Core/Src/cnc.o
                0x0000000008000f40                CNC_ResetCoord
 .text.CNC_TaskFinished
                0x0000000008000f6c       0x44 Core/Src/cnc.o
                0x0000000008000f6c                CNC_TaskFinished
 .text.CNC_TaskFinished_i
                0x0000000008000fb0       0x28 Core/Src/cnc.o
                0x0000000008000fb0                CNC_TaskFinished_i
 .text.CNC_Del  0x0000000008000fd8       0x34 Core/Src/cnc.o
                0x0000000008000fd8                CNC_Del
 .text.CNC_ISR  0x000000000800100c      0x424 Core/Src/cnc.o
                0x000000000800100c                CNC_ISR
 .text.CNC_Update_ab
                0x0000000008001430       0x88 Core/Src/cnc.o
                0x0000000008001430                CNC_Update_ab
 .text.CNC_Update
                0x00000000080014b8       0x10 Core/Src/cnc.o
                0x00000000080014b8                CNC_Update
 .text.CNC_Update_i
                0x00000000080014c8       0x18 Core/Src/cnc.o
                0x00000000080014c8                CNC_Update_i
 .text.Console_UART_TxCpltCallback
                0x00000000080014e0       0x1c Core/Src/console.o
                0x00000000080014e0                Console_UART_TxCpltCallback
 .text.Console_UART_RxCpltCallback
                0x00000000080014fc      0x248 Core/Src/console.o
                0x00000000080014fc                Console_UART_RxCpltCallback
 .text.Console_UART_ErrorCallback
                0x0000000008001744       0x1c Core/Src/console.o
                0x0000000008001744                Console_UART_ErrorCallback
 .text.Console_Init
                0x0000000008001760       0x34 Core/Src/console.o
                0x0000000008001760                Console_Init
 .text.MX_GPIO_Init
                0x0000000008001794      0x140 Core/Src/gpio.o
                0x0000000008001794                MX_GPIO_Init
 .text.MX_I2C1_Init
                0x00000000080018d4       0x5c Core/Src/i2c.o
                0x00000000080018d4                MX_I2C1_Init
 .text.HAL_I2C_MspInit
                0x0000000008001930       0xc0 Core/Src/i2c.o
                0x0000000008001930                HAL_I2C_MspInit
 .text.LCD_I2C_delayMicroseconds
                0x00000000080019f0       0x3c Core/Src/lcd_i2c.o
                0x00000000080019f0                LCD_I2C_delayMicroseconds
 .text.LCD_I2C_expanderWriteAsync
                0x0000000008001a2c       0x38 Core/Src/lcd_i2c.o
                0x0000000008001a2c                LCD_I2C_expanderWriteAsync
 .text.LCD_I2C_write4bits
                0x0000000008001a64      0x12c Core/Src/lcd_i2c.o
                0x0000000008001a64                LCD_I2C_write4bits
 .text.LCD_I2C_send
                0x0000000008001b90       0x46 Core/Src/lcd_i2c.o
                0x0000000008001b90                LCD_I2C_send
 .text.LCD_I2C_write
                0x0000000008001bd6       0x20 Core/Src/lcd_i2c.o
                0x0000000008001bd6                LCD_I2C_write
 .text.LCD_I2C_startAsyncWrite
                0x0000000008001bf6       0x2e Core/Src/lcd_i2c.o
                0x0000000008001bf6                LCD_I2C_startAsyncWrite
 .text.LCD_I2C_sendAsyncData
                0x0000000008001c24       0x2a Core/Src/lcd_i2c.o
                0x0000000008001c24                LCD_I2C_sendAsyncData
 .text.LCD_I2C_Busy
                0x0000000008001c4e       0x26 Core/Src/lcd_i2c.o
                0x0000000008001c4e                LCD_I2C_Busy
 .text.LCD_I2C_clear
                0x0000000008001c74       0x38 Core/Src/lcd_i2c.o
                0x0000000008001c74                LCD_I2C_clear
 .text.LCD_I2C_setCursor
                0x0000000008001cac       0x70 Core/Src/lcd_i2c.o
                0x0000000008001cac                LCD_I2C_setCursor
 .text.LCD_I2C_display
                0x0000000008001d1c       0x3e Core/Src/lcd_i2c.o
                0x0000000008001d1c                LCD_I2C_display
 .text.LCD_I2C_backlight
                0x0000000008001d5a       0x6e Core/Src/lcd_i2c.o
                0x0000000008001d5a                LCD_I2C_backlight
 .text.LCD_I2C_Init
                0x0000000008001dc8      0x154 Core/Src/lcd_i2c.o
                0x0000000008001dc8                LCD_I2C_Init
 .text.__NVIC_EnableIRQ
                0x0000000008001f1c       0x38 Core/Src/main.o
 .text.__NVIC_SetPriority
                0x0000000008001f54       0x54 Core/Src/main.o
 .text.handle_key_states
                0x0000000008001fa8       0xf0 Core/Src/main.o
                0x0000000008001fa8                handle_key_states
 .text.Init_Keys
                0x0000000008002098      0x21c Core/Src/main.o
                0x0000000008002098                Init_Keys
 .text.HAL_UART_TxCpltCallback
                0x00000000080022b4       0x24 Core/Src/main.o
                0x00000000080022b4                HAL_UART_TxCpltCallback
 .text.HAL_UART_RxCpltCallback
                0x00000000080022d8       0x24 Core/Src/main.o
                0x00000000080022d8                HAL_UART_RxCpltCallback
 .text.HAL_UART_ErrorCallback
                0x00000000080022fc       0x24 Core/Src/main.o
                0x00000000080022fc                HAL_UART_ErrorCallback
 .text.Init_Console
                0x0000000008002320       0x14 Core/Src/main.o
                0x0000000008002320                Init_Console
 .text.ParseParam
                0x0000000008002334       0xcc Core/Src/main.o
                0x0000000008002334                ParseParam
 .text.Console_ParseCommand
                0x0000000008002400      0x8d4 Core/Src/main.o
                0x0000000008002400                Console_ParseCommand
 .text.TIM1_UP_IRQHandler
                0x0000000008002cd4        0xe Core/Src/main.o
                0x0000000008002cd4                TIM1_UP_IRQHandler
 .text.TIM2_IRQHandler
                0x0000000008002ce2        0xe Core/Src/main.o
                0x0000000008002ce2                TIM2_IRQHandler
 .text.Init_CNC
                0x0000000008002cf0      0x1d4 Core/Src/main.o
                0x0000000008002cf0                Init_CNC
 .text.Init_LCD
                0x0000000008002ec4       0x4c Core/Src/main.o
                0x0000000008002ec4                Init_LCD
 .text.lcd_refresh
                0x0000000008002f10       0xec Core/Src/main.o
                0x0000000008002f10                lcd_refresh
 .text.cmd_update_rotate_turns
                0x0000000008002ffc       0xb0 Core/Src/main.o
                0x0000000008002ffc                cmd_update_rotate_turns
 .text.cmd_move_with_arrows
                0x00000000080030ac       0xd0 Core/Src/main.o
                0x00000000080030ac                cmd_move_with_arrows
 .text.cmd_start_dozing
                0x000000000800317c      0x1c8 Core/Src/main.o
                0x000000000800317c                cmd_start_dozing
 .text.cmd_go_home
                0x0000000008003344       0x70 Core/Src/main.o
                0x0000000008003344                cmd_go_home
 .text.Loop     0x00000000080033b4       0x54 Core/Src/main.o
                0x00000000080033b4                Loop
 .text.Setup    0x0000000008003408       0x3c Core/Src/main.o
                0x0000000008003408                Setup
 .text.screen_refresh
                0x0000000008003444      0x2f8 Core/Src/main.o
                0x0000000008003444                screen_refresh
 .text.handle_esc_to_change_view
                0x000000000800373c       0xb8 Core/Src/main.o
                0x000000000800373c                handle_esc_to_change_view
 .text.handle_key_events
                0x00000000080037f4      0x3a8 Core/Src/main.o
                0x00000000080037f4                handle_key_events
 .text.Handle_1ms_Timer
                0x0000000008003b9c       0x4c Core/Src/main.o
                0x0000000008003b9c                Handle_1ms_Timer
 .text.main     0x0000000008003be8       0x26 Core/Src/main.o
                0x0000000008003be8                main
 .text.SystemClock_Config
                0x0000000008003c0e       0xb4 Core/Src/main.o
                0x0000000008003c0e                SystemClock_Config
 .text.Error_Handler
                0x0000000008003cc2        0xa Core/Src/main.o
                0x0000000008003cc2                Error_Handler
 .text.my_print_str
                0x0000000008003ccc       0x54 Core/Src/my_print.o
                0x0000000008003ccc                my_print_str
 .text.my_print_int
                0x0000000008003d20       0xd0 Core/Src/my_print.o
                0x0000000008003d20                my_print_int
 .text.my_print_int_a
                0x0000000008003df0      0x114 Core/Src/my_print.o
                0x0000000008003df0                my_print_int_a
 .text.HAL_MspInit
                0x0000000008003f04       0x64 Core/Src/stm32f1xx_hal_msp.o
                0x0000000008003f04                HAL_MspInit
 .text.NMI_Handler
                0x0000000008003f68        0x6 Core/Src/stm32f1xx_it.o
                0x0000000008003f68                NMI_Handler
 .text.HardFault_Handler
                0x0000000008003f6e        0x6 Core/Src/stm32f1xx_it.o
                0x0000000008003f6e                HardFault_Handler
 .text.MemManage_Handler
                0x0000000008003f74        0x6 Core/Src/stm32f1xx_it.o
                0x0000000008003f74                MemManage_Handler
 .text.BusFault_Handler
                0x0000000008003f7a        0x6 Core/Src/stm32f1xx_it.o
                0x0000000008003f7a                BusFault_Handler
 .text.UsageFault_Handler
                0x0000000008003f80        0x6 Core/Src/stm32f1xx_it.o
                0x0000000008003f80                UsageFault_Handler
 .text.SVC_Handler
                0x0000000008003f86        0xc Core/Src/stm32f1xx_it.o
                0x0000000008003f86                SVC_Handler
 .text.DebugMon_Handler
                0x0000000008003f92        0xc Core/Src/stm32f1xx_it.o
                0x0000000008003f92                DebugMon_Handler
 .text.PendSV_Handler
                0x0000000008003f9e        0xc Core/Src/stm32f1xx_it.o
                0x0000000008003f9e                PendSV_Handler
 .text.SysTick_Handler
                0x0000000008003faa       0x10 Core/Src/stm32f1xx_it.o
                0x0000000008003faa                SysTick_Handler
 *fill*         0x0000000008003fba        0x2 
 .text.USB_LP_CAN1_RX0_IRQHandler
                0x0000000008003fbc       0x14 Core/Src/stm32f1xx_it.o
                0x0000000008003fbc                USB_LP_CAN1_RX0_IRQHandler
 .text.I2C1_EV_IRQHandler
                0x0000000008003fd0       0x14 Core/Src/stm32f1xx_it.o
                0x0000000008003fd0                I2C1_EV_IRQHandler
 .text.I2C1_ER_IRQHandler
                0x0000000008003fe4       0x14 Core/Src/stm32f1xx_it.o
                0x0000000008003fe4                I2C1_ER_IRQHandler
 .text.USART1_IRQHandler
                0x0000000008003ff8       0x14 Core/Src/stm32f1xx_it.o
                0x0000000008003ff8                USART1_IRQHandler
 .text.SystemInit
                0x000000000800400c        0xc Core/Src/system_stm32f1xx.o
                0x000000000800400c                SystemInit
 .text.MX_USART1_UART_Init
                0x0000000008004018       0x54 Core/Src/usart.o
                0x0000000008004018                MX_USART1_UART_Init
 .text.HAL_UART_MspInit
                0x000000000800406c       0xc4 Core/Src/usart.o
                0x000000000800406c                HAL_UART_MspInit
 .text.Reset_Handler
                0x0000000008004130       0x48 Core/Startup/startup_stm32f103c8tx.o
                0x0000000008004130                Reset_Handler
 .text.Default_Handler
                0x0000000008004178        0x2 Core/Startup/startup_stm32f103c8tx.o
                0x0000000008004178                RTC_Alarm_IRQHandler
                0x0000000008004178                EXTI2_IRQHandler
                0x0000000008004178                TIM1_CC_IRQHandler
                0x0000000008004178                PVD_IRQHandler
                0x0000000008004178                EXTI3_IRQHandler
                0x0000000008004178                EXTI0_IRQHandler
                0x0000000008004178                I2C2_EV_IRQHandler
                0x0000000008004178                ADC1_2_IRQHandler
                0x0000000008004178                SPI1_IRQHandler
                0x0000000008004178                TAMPER_IRQHandler
                0x0000000008004178                DMA1_Channel4_IRQHandler
                0x0000000008004178                USART3_IRQHandler
                0x0000000008004178                RTC_IRQHandler
                0x0000000008004178                DMA1_Channel7_IRQHandler
                0x0000000008004178                CAN1_RX1_IRQHandler
                0x0000000008004178                TIM4_IRQHandler
                0x0000000008004178                DMA1_Channel6_IRQHandler
                0x0000000008004178                TIM3_IRQHandler
                0x0000000008004178                RCC_IRQHandler
                0x0000000008004178                TIM1_TRG_COM_IRQHandler
                0x0000000008004178                DMA1_Channel1_IRQHandler
                0x0000000008004178                Default_Handler
                0x0000000008004178                EXTI15_10_IRQHandler
                0x0000000008004178                EXTI9_5_IRQHandler
                0x0000000008004178                SPI2_IRQHandler
                0x0000000008004178                DMA1_Channel5_IRQHandler
                0x0000000008004178                EXTI4_IRQHandler
                0x0000000008004178                USB_HP_CAN1_TX_IRQHandler
                0x0000000008004178                DMA1_Channel3_IRQHandler
                0x0000000008004178                WWDG_IRQHandler
                0x0000000008004178                TIM1_BRK_IRQHandler
                0x0000000008004178                EXTI1_IRQHandler
                0x0000000008004178                USART2_IRQHandler
                0x0000000008004178                I2C2_ER_IRQHandler
                0x0000000008004178                DMA1_Channel2_IRQHandler
                0x0000000008004178                CAN1_SCE_IRQHandler
                0x0000000008004178                FLASH_IRQHandler
                0x0000000008004178                USBWakeUp_IRQHandler
 *fill*         0x000000000800417a        0x2 
 .text.HAL_Init
                0x000000000800417c       0x2c Drivers/STM32F1xx_HAL_Driver/Src/stm32f1xx_hal.o
                0x000000000800417c                HAL_Init
 .text.HAL_InitTick
                0x00000000080041a8       0x60 Drivers/STM32F1xx_HAL_Driver/Src/stm32f1xx_hal.o
                0x00000000080041a8                HAL_InitTick
 .text.HAL_IncTick
                0x0000000008004208       0x24 Drivers/STM32F1xx_HAL_Driver/Src/stm32f1xx_hal.o
                0x0000000008004208                HAL_IncTick
 .text.HAL_GetTick
                0x000000000800422c       0x14 Drivers/STM32F1xx_HAL_Driver/Src/stm32f1xx_hal.o
                0x000000000800422c                HAL_GetTick
 .text.HAL_Delay
                0x0000000008004240       0x48 Drivers/STM32F1xx_HAL_Driver/Src/stm32f1xx_hal.o
                0x0000000008004240                HAL_Delay
 .text.__NVIC_SetPriorityGrouping
                0x0000000008004288       0x48 Drivers/STM32F1xx_HAL_Driver/Src/stm32f1xx_hal_cortex.o
 .text.__NVIC_GetPriorityGrouping
                0x00000000080042d0       0x1c Drivers/STM32F1xx_HAL_Driver/Src/stm32f1xx_hal_cortex.o
 .text.__NVIC_EnableIRQ
                0x00000000080042ec       0x38 Drivers/STM32F1xx_HAL_Driver/Src/stm32f1xx_hal_cortex.o
 .text.__NVIC_SetPriority
                0x0000000008004324       0x54 Drivers/STM32F1xx_HAL_Driver/Src/stm32f1xx_hal_cortex.o
 .text.NVIC_EncodePriority
                0x0000000008004378       0x64 Drivers/STM32F1xx_HAL_Driver/Src/stm32f1xx_hal_cortex.o
 .text.SysTick_Config
                0x00000000080043dc       0x44 Drivers/STM32F1xx_HAL_Driver/Src/stm32f1xx_hal_cortex.o
 .text.HAL_NVIC_SetPriorityGrouping
                0x0000000008004420       0x16 Drivers/STM32F1xx_HAL_Driver/Src/stm32f1xx_hal_cortex.o
                0x0000000008004420                HAL_NVIC_SetPriorityGrouping
 .text.HAL_NVIC_SetPriority
                0x0000000008004436       0x38 Drivers/STM32F1xx_HAL_Driver/Src/stm32f1xx_hal_cortex.o
                0x0000000008004436                HAL_NVIC_SetPriority
 .text.HAL_NVIC_EnableIRQ
                0x000000000800446e       0x1c Drivers/STM32F1xx_HAL_Driver/Src/stm32f1xx_hal_cortex.o
                0x000000000800446e                HAL_NVIC_EnableIRQ
 .text.HAL_SYSTICK_Config
                0x000000000800448a       0x18 Drivers/STM32F1xx_HAL_Driver/Src/stm32f1xx_hal_cortex.o
                0x000000000800448a                HAL_SYSTICK_Config
 *fill*         0x00000000080044a2        0x2 
 .text.HAL_DMA_Abort_IT
                0x00000000080044a4       0xec Drivers/STM32F1xx_HAL_Driver/Src/stm32f1xx_hal_dma.o
                0x00000000080044a4                HAL_DMA_Abort_IT
 .text.HAL_DMA_GetState
                0x0000000008004590       0x18 Drivers/STM32F1xx_HAL_Driver/Src/stm32f1xx_hal_dma.o
                0x0000000008004590                HAL_DMA_GetState
 .text.HAL_GPIO_Init
                0x00000000080045a8      0x308 Drivers/STM32F1xx_HAL_Driver/Src/stm32f1xx_hal_gpio.o
                0x00000000080045a8                HAL_GPIO_Init
 .text.HAL_GPIO_ReadPin
                0x00000000080048b0       0x2e Drivers/STM32F1xx_HAL_Driver/Src/stm32f1xx_hal_gpio.o
                0x00000000080048b0                HAL_GPIO_ReadPin
 .text.HAL_GPIO_WritePin
                0x00000000080048de       0x30 Drivers/STM32F1xx_HAL_Driver/Src/stm32f1xx_hal_gpio.o
                0x00000000080048de                HAL_GPIO_WritePin
 *fill*         0x000000000800490e        0x2 
 .text.HAL_I2C_Init
                0x0000000008004910      0x288 Drivers/STM32F1xx_HAL_Driver/Src/stm32f1xx_hal_i2c.o
                0x0000000008004910                HAL_I2C_Init
 .text.HAL_I2C_Master_Transmit
                0x0000000008004b98      0x1fc Drivers/STM32F1xx_HAL_Driver/Src/stm32f1xx_hal_i2c.o
                0x0000000008004b98                HAL_I2C_Master_Transmit
 .text.HAL_I2C_Master_Transmit_IT
                0x0000000008004d94      0x148 Drivers/STM32F1xx_HAL_Driver/Src/stm32f1xx_hal_i2c.o
                0x0000000008004d94                HAL_I2C_Master_Transmit_IT
 .text.HAL_I2C_EV_IRQHandler
                0x0000000008004edc      0x2da Drivers/STM32F1xx_HAL_Driver/Src/stm32f1xx_hal_i2c.o
                0x0000000008004edc                HAL_I2C_EV_IRQHandler
 .text.HAL_I2C_ER_IRQHandler
                0x00000000080051b6      0x15e Drivers/STM32F1xx_HAL_Driver/Src/stm32f1xx_hal_i2c.o
                0x00000000080051b6                HAL_I2C_ER_IRQHandler
 .text.HAL_I2C_MasterTxCpltCallback
                0x0000000008005314       0x12 Drivers/STM32F1xx_HAL_Driver/Src/stm32f1xx_hal_i2c.o
                0x0000000008005314                HAL_I2C_MasterTxCpltCallback
 .text.HAL_I2C_MasterRxCpltCallback
                0x0000000008005326       0x12 Drivers/STM32F1xx_HAL_Driver/Src/stm32f1xx_hal_i2c.o
                0x0000000008005326                HAL_I2C_MasterRxCpltCallback
 .text.HAL_I2C_SlaveTxCpltCallback
                0x0000000008005338       0x12 Drivers/STM32F1xx_HAL_Driver/Src/stm32f1xx_hal_i2c.o
                0x0000000008005338                HAL_I2C_SlaveTxCpltCallback
 .text.HAL_I2C_SlaveRxCpltCallback
                0x000000000800534a       0x12 Drivers/STM32F1xx_HAL_Driver/Src/stm32f1xx_hal_i2c.o
                0x000000000800534a                HAL_I2C_SlaveRxCpltCallback
 .text.HAL_I2C_AddrCallback
                0x000000000800535c       0x1a Drivers/STM32F1xx_HAL_Driver/Src/stm32f1xx_hal_i2c.o
                0x000000000800535c                HAL_I2C_AddrCallback
 .text.HAL_I2C_ListenCpltCallback
                0x0000000008005376       0x12 Drivers/STM32F1xx_HAL_Driver/Src/stm32f1xx_hal_i2c.o
                0x0000000008005376                HAL_I2C_ListenCpltCallback
 .text.HAL_I2C_MemTxCpltCallback
                0x0000000008005388       0x12 Drivers/STM32F1xx_HAL_Driver/Src/stm32f1xx_hal_i2c.o
                0x0000000008005388                HAL_I2C_MemTxCpltCallback
 .text.HAL_I2C_MemRxCpltCallback
                0x000000000800539a       0x12 Drivers/STM32F1xx_HAL_Driver/Src/stm32f1xx_hal_i2c.o
                0x000000000800539a                HAL_I2C_MemRxCpltCallback
 .text.HAL_I2C_ErrorCallback
                0x00000000080053ac       0x12 Drivers/STM32F1xx_HAL_Driver/Src/stm32f1xx_hal_i2c.o
                0x00000000080053ac                HAL_I2C_ErrorCallback
 .text.HAL_I2C_AbortCpltCallback
                0x00000000080053be       0x12 Drivers/STM32F1xx_HAL_Driver/Src/stm32f1xx_hal_i2c.o
                0x00000000080053be                HAL_I2C_AbortCpltCallback
 .text.I2C_MasterTransmit_TXE
                0x00000000080053d0      0x138 Drivers/STM32F1xx_HAL_Driver/Src/stm32f1xx_hal_i2c.o
 .text.I2C_MasterTransmit_BTF
                0x0000000008005508       0xd0 Drivers/STM32F1xx_HAL_Driver/Src/stm32f1xx_hal_i2c.o
 .text.I2C_MemoryTransmit_TXE_BTF
                0x00000000080055d8      0x11e Drivers/STM32F1xx_HAL_Driver/Src/stm32f1xx_hal_i2c.o
 .text.I2C_MasterReceive_RXNE
                0x00000000080056f6      0x162 Drivers/STM32F1xx_HAL_Driver/Src/stm32f1xx_hal_i2c.o
 .text.I2C_MasterReceive_BTF
                0x0000000008005858      0x1d4 Drivers/STM32F1xx_HAL_Driver/Src/stm32f1xx_hal_i2c.o
 .text.I2C_Master_SB
                0x0000000008005a2c      0x10a Drivers/STM32F1xx_HAL_Driver/Src/stm32f1xx_hal_i2c.o
 .text.I2C_Master_ADD10
                0x0000000008005b36       0x52 Drivers/STM32F1xx_HAL_Driver/Src/stm32f1xx_hal_i2c.o
 .text.I2C_Master_ADDR
                0x0000000008005b88      0x336 Drivers/STM32F1xx_HAL_Driver/Src/stm32f1xx_hal_i2c.o
 .text.I2C_SlaveTransmit_TXE
                0x0000000008005ebe       0x7a Drivers/STM32F1xx_HAL_Driver/Src/stm32f1xx_hal_i2c.o
 .text.I2C_SlaveTransmit_BTF
                0x0000000008005f38       0x40 Drivers/STM32F1xx_HAL_Driver/Src/stm32f1xx_hal_i2c.o
 .text.I2C_SlaveReceive_RXNE
                0x0000000008005f78       0x7c Drivers/STM32F1xx_HAL_Driver/Src/stm32f1xx_hal_i2c.o
 .text.I2C_SlaveReceive_BTF
                0x0000000008005ff4       0x42 Drivers/STM32F1xx_HAL_Driver/Src/stm32f1xx_hal_i2c.o
 .text.I2C_Slave_ADDR
                0x0000000008006036       0x88 Drivers/STM32F1xx_HAL_Driver/Src/stm32f1xx_hal_i2c.o
 *fill*         0x00000000080060be        0x2 
 .text.I2C_Slave_STOPF
                0x00000000080060c0      0x260 Drivers/STM32F1xx_HAL_Driver/Src/stm32f1xx_hal_i2c.o
 .text.I2C_Slave_AF
                0x0000000008006320       0xe0 Drivers/STM32F1xx_HAL_Driver/Src/stm32f1xx_hal_i2c.o
 .text.I2C_ITError
                0x0000000008006400      0x264 Drivers/STM32F1xx_HAL_Driver/Src/stm32f1xx_hal_i2c.o
 .text.I2C_MasterRequestWrite
                0x0000000008006664      0x104 Drivers/STM32F1xx_HAL_Driver/Src/stm32f1xx_hal_i2c.o
 .text.I2C_DMAAbort
                0x0000000008006768      0x150 Drivers/STM32F1xx_HAL_Driver/Src/stm32f1xx_hal_i2c.o
 .text.I2C_WaitOnFlagUntilTimeout
                0x00000000080068b8       0xae Drivers/STM32F1xx_HAL_Driver/Src/stm32f1xx_hal_i2c.o
 .text.I2C_WaitOnMasterAddressFlagUntilTimeout
                0x0000000008006966       0xfe Drivers/STM32F1xx_HAL_Driver/Src/stm32f1xx_hal_i2c.o
 .text.I2C_WaitOnTXEFlagUntilTimeout
                0x0000000008006a64       0x82 Drivers/STM32F1xx_HAL_Driver/Src/stm32f1xx_hal_i2c.o
 .text.I2C_WaitOnBTFFlagUntilTimeout
                0x0000000008006ae6       0x82 Drivers/STM32F1xx_HAL_Driver/Src/stm32f1xx_hal_i2c.o
 .text.I2C_WaitOnSTOPRequestThroughIT
                0x0000000008006b68       0x64 Drivers/STM32F1xx_HAL_Driver/Src/stm32f1xx_hal_i2c.o
 .text.I2C_IsAcknowledgeFailed
                0x0000000008006bcc       0x5c Drivers/STM32F1xx_HAL_Driver/Src/stm32f1xx_hal_i2c.o
 .text.I2C_ConvertOtherXferOptions
                0x0000000008006c28       0x34 Drivers/STM32F1xx_HAL_Driver/Src/stm32f1xx_hal_i2c.o
 .text.HAL_PCD_Init
                0x0000000008006c5c      0x216 Drivers/STM32F1xx_HAL_Driver/Src/stm32f1xx_hal_pcd.o
                0x0000000008006c5c                HAL_PCD_Init
 .text.HAL_PCD_Start
                0x0000000008006e72       0x4c Drivers/STM32F1xx_HAL_Driver/Src/stm32f1xx_hal_pcd.o
                0x0000000008006e72                HAL_PCD_Start
 .text.HAL_PCD_IRQHandler
                0x0000000008006ebe      0x2aa Drivers/STM32F1xx_HAL_Driver/Src/stm32f1xx_hal_pcd.o
                0x0000000008006ebe                HAL_PCD_IRQHandler
 .text.HAL_PCD_SetAddress
                0x0000000008007168       0x4a Drivers/STM32F1xx_HAL_Driver/Src/stm32f1xx_hal_pcd.o
                0x0000000008007168                HAL_PCD_SetAddress
 .text.HAL_PCD_EP_Open
                0x00000000080071b2       0xcc Drivers/STM32F1xx_HAL_Driver/Src/stm32f1xx_hal_pcd.o
                0x00000000080071b2                HAL_PCD_EP_Open
 .text.HAL_PCD_EP_Close
                0x000000000800727e       0x90 Drivers/STM32F1xx_HAL_Driver/Src/stm32f1xx_hal_pcd.o
                0x000000000800727e                HAL_PCD_EP_Close
 .text.HAL_PCD_EP_Receive
                0x000000000800730e       0x7a Drivers/STM32F1xx_HAL_Driver/Src/stm32f1xx_hal_pcd.o
                0x000000000800730e                HAL_PCD_EP_Receive
 .text.HAL_PCD_EP_GetRxCount
                0x0000000008007388       0x2e Drivers/STM32F1xx_HAL_Driver/Src/stm32f1xx_hal_pcd.o
                0x0000000008007388                HAL_PCD_EP_GetRxCount
 .text.HAL_PCD_EP_Transmit
                0x00000000080073b6       0x86 Drivers/STM32F1xx_HAL_Driver/Src/stm32f1xx_hal_pcd.o
                0x00000000080073b6                HAL_PCD_EP_Transmit
 .text.HAL_PCD_EP_SetStall
                0x000000000800743c       0xc0 Drivers/STM32F1xx_HAL_Driver/Src/stm32f1xx_hal_pcd.o
                0x000000000800743c                HAL_PCD_EP_SetStall
 .text.HAL_PCD_EP_ClrStall
                0x00000000080074fc       0xa8 Drivers/STM32F1xx_HAL_Driver/Src/stm32f1xx_hal_pcd.o
                0x00000000080074fc                HAL_PCD_EP_ClrStall
 .text.PCD_EP_ISR_Handler
                0x00000000080075a4      0x5e6 Drivers/STM32F1xx_HAL_Driver/Src/stm32f1xx_hal_pcd.o
 .text.HAL_PCD_EP_DB_Receive
                0x0000000008007b8a      0x21a Drivers/STM32F1xx_HAL_Driver/Src/stm32f1xx_hal_pcd.o
 .text.HAL_PCD_EP_DB_Transmit
                0x0000000008007da4      0x556 Drivers/STM32F1xx_HAL_Driver/Src/stm32f1xx_hal_pcd.o
 .text.HAL_PCDEx_PMAConfig
                0x00000000080082fa       0x84 Drivers/STM32F1xx_HAL_Driver/Src/stm32f1xx_hal_pcd_ex.o
                0x00000000080082fa                HAL_PCDEx_PMAConfig
 *fill*         0x000000000800837e        0x2 
 .text.HAL_RCC_OscConfig
                0x0000000008008380      0x500 Drivers/STM32F1xx_HAL_Driver/Src/stm32f1xx_hal_rcc.o
                0x0000000008008380                HAL_RCC_OscConfig
 .text.HAL_RCC_ClockConfig
                0x0000000008008880      0x1d4 Drivers/STM32F1xx_HAL_Driver/Src/stm32f1xx_hal_rcc.o
                0x0000000008008880                HAL_RCC_ClockConfig
 .text.HAL_RCC_GetSysClockFreq
                0x0000000008008a54       0xc0 Drivers/STM32F1xx_HAL_Driver/Src/stm32f1xx_hal_rcc.o
                0x0000000008008a54                HAL_RCC_GetSysClockFreq
 .text.HAL_RCC_GetHCLKFreq
                0x0000000008008b14       0x14 Drivers/STM32F1xx_HAL_Driver/Src/stm32f1xx_hal_rcc.o
                0x0000000008008b14                HAL_RCC_GetHCLKFreq
 .text.HAL_RCC_GetPCLK1Freq
                0x0000000008008b28       0x28 Drivers/STM32F1xx_HAL_Driver/Src/stm32f1xx_hal_rcc.o
                0x0000000008008b28                HAL_RCC_GetPCLK1Freq
 .text.HAL_RCC_GetPCLK2Freq
                0x0000000008008b50       0x28 Drivers/STM32F1xx_HAL_Driver/Src/stm32f1xx_hal_rcc.o
                0x0000000008008b50                HAL_RCC_GetPCLK2Freq
 .text.RCC_Delay
                0x0000000008008b78       0x3c Drivers/STM32F1xx_HAL_Driver/Src/stm32f1xx_hal_rcc.o
 .text.HAL_RCCEx_PeriphCLKConfig
                0x0000000008008bb4      0x16c Drivers/STM32F1xx_HAL_Driver/Src/stm32f1xx_hal_rcc_ex.o
                0x0000000008008bb4                HAL_RCCEx_PeriphCLKConfig
 .text.HAL_UART_Init
                0x0000000008008d20       0x9a Drivers/STM32F1xx_HAL_Driver/Src/stm32f1xx_hal_uart.o
                0x0000000008008d20                HAL_UART_Init
 .text.HAL_UART_Transmit_IT
                0x0000000008008dba       0x88 Drivers/STM32F1xx_HAL_Driver/Src/stm32f1xx_hal_uart.o
                0x0000000008008dba                HAL_UART_Transmit_IT
 .text.HAL_UART_Receive_IT
                0x0000000008008e42       0xa8 Drivers/STM32F1xx_HAL_Driver/Src/stm32f1xx_hal_uart.o
                0x0000000008008e42                HAL_UART_Receive_IT
 *fill*         0x0000000008008eea        0x2 
 .text.HAL_UART_IRQHandler
                0x0000000008008eec      0x200 Drivers/STM32F1xx_HAL_Driver/Src/stm32f1xx_hal_uart.o
                0x0000000008008eec                HAL_UART_IRQHandler
 .text.UART_EndRxTransfer
                0x00000000080090ec       0x3a Drivers/STM32F1xx_HAL_Driver/Src/stm32f1xx_hal_uart.o
 .text.UART_DMAAbortOnError
                0x0000000008009126       0x28 Drivers/STM32F1xx_HAL_Driver/Src/stm32f1xx_hal_uart.o
 .text.UART_Transmit_IT
                0x000000000800914e       0x9e Drivers/STM32F1xx_HAL_Driver/Src/stm32f1xx_hal_uart.o
 .text.UART_EndTransmit_IT
                0x00000000080091ec       0x30 Drivers/STM32F1xx_HAL_Driver/Src/stm32f1xx_hal_uart.o
 .text.UART_Receive_IT
                0x000000000800921c      0x100 Drivers/STM32F1xx_HAL_Driver/Src/stm32f1xx_hal_uart.o
 .text.UART_SetConfig
                0x000000000800931c      0x11c Drivers/STM32F1xx_HAL_Driver/Src/stm32f1xx_hal_uart.o
 .text.USB_CoreInit
                0x0000000008009438       0x20 Drivers/STM32F1xx_HAL_Driver/Src/stm32f1xx_ll_usb.o
                0x0000000008009438                USB_CoreInit
 .text.USB_EnableGlobalInt
                0x0000000008009458       0x2c Drivers/STM32F1xx_HAL_Driver/Src/stm32f1xx_ll_usb.o
                0x0000000008009458                USB_EnableGlobalInt
 .text.USB_DisableGlobalInt
                0x0000000008009484       0x34 Drivers/STM32F1xx_HAL_Driver/Src/stm32f1xx_ll_usb.o
                0x0000000008009484                USB_DisableGlobalInt
 .text.USB_SetCurrentMode
                0x00000000080094b8       0x18 Drivers/STM32F1xx_HAL_Driver/Src/stm32f1xx_ll_usb.o
                0x00000000080094b8                USB_SetCurrentMode
 .text.USB_DevInit
                0x00000000080094d0       0x40 Drivers/STM32F1xx_HAL_Driver/Src/stm32f1xx_ll_usb.o
                0x00000000080094d0                USB_DevInit
 .text.USB_ActivateEndpoint
                0x0000000008009510      0x6d4 Drivers/STM32F1xx_HAL_Driver/Src/stm32f1xx_ll_usb.o
                0x0000000008009510                USB_ActivateEndpoint
 .text.USB_DeactivateEndpoint
                0x0000000008009be4      0x3d8 Drivers/STM32F1xx_HAL_Driver/Src/stm32f1xx_ll_usb.o
                0x0000000008009be4                USB_DeactivateEndpoint
 .text.USB_EPStartXfer
                0x0000000008009fbc     0x1240 Drivers/STM32F1xx_HAL_Driver/Src/stm32f1xx_ll_usb.o
                0x0000000008009fbc                USB_EPStartXfer
 .text.USB_EPSetStall
                0x000000000800b1fc       0xa0 Drivers/STM32F1xx_HAL_Driver/Src/stm32f1xx_ll_usb.o
                0x000000000800b1fc                USB_EPSetStall
 .text.USB_EPClearStall
                0x000000000800b29c      0x15a Drivers/STM32F1xx_HAL_Driver/Src/stm32f1xx_ll_usb.o
                0x000000000800b29c                USB_EPClearStall
 .text.USB_SetDevAddress
                0x000000000800b3f6       0x26 Drivers/STM32F1xx_HAL_Driver/Src/stm32f1xx_ll_usb.o
                0x000000000800b3f6                USB_SetDevAddress
 .text.USB_DevConnect
                0x000000000800b41c       0x14 Drivers/STM32F1xx_HAL_Driver/Src/stm32f1xx_ll_usb.o
                0x000000000800b41c                USB_DevConnect
 .text.USB_DevDisconnect
                0x000000000800b430       0x14 Drivers/STM32F1xx_HAL_Driver/Src/stm32f1xx_ll_usb.o
                0x000000000800b430                USB_DevDisconnect
 .text.USB_ReadInterrupts
                0x000000000800b444       0x1e Drivers/STM32F1xx_HAL_Driver/Src/stm32f1xx_ll_usb.o
                0x000000000800b444                USB_ReadInterrupts
 .text.USB_EP0_OutStart
                0x000000000800b462       0x16 Drivers/STM32F1xx_HAL_Driver/Src/stm32f1xx_ll_usb.o
                0x000000000800b462                USB_EP0_OutStart
 .text.USB_WritePMA
                0x000000000800b478       0x8a Drivers/STM32F1xx_HAL_Driver/Src/stm32f1xx_ll_usb.o
                0x000000000800b478                USB_WritePMA
 .text.USB_ReadPMA
                0x000000000800b502       0x9e Drivers/STM32F1xx_HAL_Driver/Src/stm32f1xx_ll_usb.o
                0x000000000800b502                USB_ReadPMA
 .text.USBD_CDC_Init
                0x000000000800b5a0       0xf4 Middlewares/ST/STM32_USB_Device_Library/Class/CDC/Src/usbd_cdc.o
 .text.USBD_CDC_DeInit
                0x000000000800b694       0x6e Middlewares/ST/STM32_USB_Device_Library/Class/CDC/Src/usbd_cdc.o
 .text.USBD_CDC_Setup
                0x000000000800b702      0x146 Middlewares/ST/STM32_USB_Device_Library/Class/CDC/Src/usbd_cdc.o
 .text.USBD_CDC_DataIn
                0x000000000800b848       0xa6 Middlewares/ST/STM32_USB_Device_Library/Class/CDC/Src/usbd_cdc.o
 .text.USBD_CDC_DataOut
                0x000000000800b8ee       0x56 Middlewares/ST/STM32_USB_Device_Library/Class/CDC/Src/usbd_cdc.o
 .text.USBD_CDC_EP0_RxReady
                0x000000000800b944       0x50 Middlewares/ST/STM32_USB_Device_Library/Class/CDC/Src/usbd_cdc.o
 .text.USBD_CDC_GetFSCfgDesc
                0x000000000800b994       0x20 Middlewares/ST/STM32_USB_Device_Library/Class/CDC/Src/usbd_cdc.o
 .text.USBD_CDC_GetHSCfgDesc
                0x000000000800b9b4       0x20 Middlewares/ST/STM32_USB_Device_Library/Class/CDC/Src/usbd_cdc.o
 .text.USBD_CDC_GetOtherSpeedCfgDesc
                0x000000000800b9d4       0x20 Middlewares/ST/STM32_USB_Device_Library/Class/CDC/Src/usbd_cdc.o
 .text.USBD_CDC_GetDeviceQualifierDescriptor
                0x000000000800b9f4       0x20 Middlewares/ST/STM32_USB_Device_Library/Class/CDC/Src/usbd_cdc.o
                0x000000000800b9f4                USBD_CDC_GetDeviceQualifierDescriptor
 .text.USBD_CDC_RegisterInterface
                0x000000000800ba14       0x2c Middlewares/ST/STM32_USB_Device_Library/Class/CDC/Src/usbd_cdc.o
                0x000000000800ba14                USBD_CDC_RegisterInterface
 .text.USBD_CDC_SetTxBuffer
                0x000000000800ba40       0x32 Middlewares/ST/STM32_USB_Device_Library/Class/CDC/Src/usbd_cdc.o
                0x000000000800ba40                USBD_CDC_SetTxBuffer
 .text.USBD_CDC_SetRxBuffer
                0x000000000800ba72       0x26 Middlewares/ST/STM32_USB_Device_Library/Class/CDC/Src/usbd_cdc.o
                0x000000000800ba72                USBD_CDC_SetRxBuffer
 .text.USBD_CDC_ReceivePacket
                0x000000000800ba98       0x54 Middlewares/ST/STM32_USB_Device_Library/Class/CDC/Src/usbd_cdc.o
                0x000000000800ba98                USBD_CDC_ReceivePacket
 .text.USBD_Init
                0x000000000800baec       0x56 Middlewares/ST/STM32_USB_Device_Library/Core/Src/usbd_core.o
                0x000000000800baec                USBD_Init
 .text.USBD_RegisterClass
                0x000000000800bb42       0x32 Middlewares/ST/STM32_USB_Device_Library/Core/Src/usbd_core.o
                0x000000000800bb42                USBD_RegisterClass
 .text.USBD_Start
                0x000000000800bb74       0x18 Middlewares/ST/STM32_USB_Device_Library/Core/Src/usbd_core.o
                0x000000000800bb74                USBD_Start
 .text.USBD_RunTestMode
                0x000000000800bb8c       0x14 Middlewares/ST/STM32_USB_Device_Library/Core/Src/usbd_core.o
                0x000000000800bb8c                USBD_RunTestMode
 .text.USBD_SetClassConfig
                0x000000000800bba0       0x3e Middlewares/ST/STM32_USB_Device_Library/Core/Src/usbd_core.o
                0x000000000800bba0                USBD_SetClassConfig
 .text.USBD_ClrClassConfig
                0x000000000800bbde       0x26 Middlewares/ST/STM32_USB_Device_Library/Core/Src/usbd_core.o
                0x000000000800bbde                USBD_ClrClassConfig
 .text.USBD_LL_SetupStage
                0x000000000800bc04       0x9a Middlewares/ST/STM32_USB_Device_Library/Core/Src/usbd_core.o
                0x000000000800bc04                USBD_LL_SetupStage
 .text.USBD_LL_DataOutStage
                0x000000000800bc9e       0xe2 Middlewares/ST/STM32_USB_Device_Library/Core/Src/usbd_core.o
                0x000000000800bc9e                USBD_LL_DataOutStage
 .text.USBD_LL_DataInStage
                0x000000000800bd80      0x14a Middlewares/ST/STM32_USB_Device_Library/Core/Src/usbd_core.o
                0x000000000800bd80                USBD_LL_DataInStage
 .text.USBD_LL_Reset
                0x000000000800beca       0x82 Middlewares/ST/STM32_USB_Device_Library/Core/Src/usbd_core.o
                0x000000000800beca                USBD_LL_Reset
 .text.USBD_LL_SetSpeed
                0x000000000800bf4c       0x1e Middlewares/ST/STM32_USB_Device_Library/Core/Src/usbd_core.o
                0x000000000800bf4c                USBD_LL_SetSpeed
 .text.USBD_LL_Suspend
                0x000000000800bf6a       0x28 Middlewares/ST/STM32_USB_Device_Library/Core/Src/usbd_core.o
                0x000000000800bf6a                USBD_LL_Suspend
 .text.USBD_LL_Resume
                0x000000000800bf92       0x2a Middlewares/ST/STM32_USB_Device_Library/Core/Src/usbd_core.o
                0x000000000800bf92                USBD_LL_Resume
 .text.USBD_LL_SOF
                0x000000000800bfbc       0x34 Middlewares/ST/STM32_USB_Device_Library/Core/Src/usbd_core.o
                0x000000000800bfbc                USBD_LL_SOF
 .text.USBD_StdDevReq
                0x000000000800bff0       0xd4 Middlewares/ST/STM32_USB_Device_Library/Core/Src/usbd_ctlreq.o
                0x000000000800bff0                USBD_StdDevReq
 .text.USBD_StdItfReq
                0x000000000800c0c4       0x90 Middlewares/ST/STM32_USB_Device_Library/Core/Src/usbd_ctlreq.o
                0x000000000800c0c4                USBD_StdItfReq
 .text.USBD_StdEPReq
                0x000000000800c154      0x2c6 Middlewares/ST/STM32_USB_Device_Library/Core/Src/usbd_ctlreq.o
                0x000000000800c154                USBD_StdEPReq
 *fill*         0x000000000800c41a        0x2 
 .text.USBD_GetDescriptor
                0x000000000800c41c      0x2d0 Middlewares/ST/STM32_USB_Device_Library/Core/Src/usbd_ctlreq.o
 .text.USBD_SetAddress
                0x000000000800c6ec       0x86 Middlewares/ST/STM32_USB_Device_Library/Core/Src/usbd_ctlreq.o
 *fill*         0x000000000800c772        0x2 
 .text.USBD_SetConfig
                0x000000000800c774      0x11c Middlewares/ST/STM32_USB_Device_Library/Core/Src/usbd_ctlreq.o
 .text.USBD_GetConfig
                0x000000000800c890       0x6a Middlewares/ST/STM32_USB_Device_Library/Core/Src/usbd_ctlreq.o
 .text.USBD_GetStatus
                0x000000000800c8fa       0x66 Middlewares/ST/STM32_USB_Device_Library/Core/Src/usbd_ctlreq.o
 .text.USBD_SetFeature
                0x000000000800c960       0x28 Middlewares/ST/STM32_USB_Device_Library/Core/Src/usbd_ctlreq.o
 .text.USBD_ClrFeature
                0x000000000800c988       0x42 Middlewares/ST/STM32_USB_Device_Library/Core/Src/usbd_ctlreq.o
 .text.USBD_ParseSetupRequest
                0x000000000800c9ca       0x78 Middlewares/ST/STM32_USB_Device_Library/Core/Src/usbd_ctlreq.o
                0x000000000800c9ca                USBD_ParseSetupRequest
 .text.USBD_CtlError
                0x000000000800ca42       0x22 Middlewares/ST/STM32_USB_Device_Library/Core/Src/usbd_ctlreq.o
                0x000000000800ca42                USBD_CtlError
 .text.USBD_GetString
                0x000000000800ca64       0x84 Middlewares/ST/STM32_USB_Device_Library/Core/Src/usbd_ctlreq.o
                0x000000000800ca64                USBD_GetString
 .text.USBD_GetLen
                0x000000000800cae8       0x2e Middlewares/ST/STM32_USB_Device_Library/Core/Src/usbd_ctlreq.o
 .text.USBD_CtlSendData
                0x000000000800cb16       0x38 Middlewares/ST/STM32_USB_Device_Library/Core/Src/usbd_ioreq.o
                0x000000000800cb16                USBD_CtlSendData
 .text.USBD_CtlContinueSendData
                0x000000000800cb4e       0x24 Middlewares/ST/STM32_USB_Device_Library/Core/Src/usbd_ioreq.o
                0x000000000800cb4e                USBD_CtlContinueSendData
 .text.USBD_CtlPrepareRx
                0x000000000800cb72       0x3c Middlewares/ST/STM32_USB_Device_Library/Core/Src/usbd_ioreq.o
                0x000000000800cb72                USBD_CtlPrepareRx
 .text.USBD_CtlContinueRx
                0x000000000800cbae       0x24 Middlewares/ST/STM32_USB_Device_Library/Core/Src/usbd_ioreq.o
                0x000000000800cbae                USBD_CtlContinueRx
 .text.USBD_CtlSendStatus
                0x000000000800cbd2       0x26 Middlewares/ST/STM32_USB_Device_Library/Core/Src/usbd_ioreq.o
                0x000000000800cbd2                USBD_CtlSendStatus
 .text.USBD_CtlReceiveStatus
                0x000000000800cbf8       0x26 Middlewares/ST/STM32_USB_Device_Library/Core/Src/usbd_ioreq.o
                0x000000000800cbf8                USBD_CtlReceiveStatus
 *fill*         0x000000000800cc1e        0x2 
 .text.MX_USB_DEVICE_Init
                0x000000000800cc20       0x60 USB_DEVICE/App/usb_device.o
                0x000000000800cc20                MX_USB_DEVICE_Init
 .text.CDC_Init_FS
                0x000000000800cc80       0x28 USB_DEVICE/App/usbd_cdc_if.o
 .text.CDC_DeInit_FS
                0x000000000800cca8        0xe USB_DEVICE/App/usbd_cdc_if.o
 *fill*         0x000000000800ccb6        0x2 
 .text.CDC_Control_FS
                0x000000000800ccb8       0xbc USB_DEVICE/App/usbd_cdc_if.o
 .text.CDC_Receive_FS
                0x000000000800cd74       0x28 USB_DEVICE/App/usbd_cdc_if.o
 .text.USBD_FS_DeviceDescriptor
                0x000000000800cd9c       0x24 USB_DEVICE/App/usbd_desc.o
                0x000000000800cd9c                USBD_FS_DeviceDescriptor
 .text.USBD_FS_LangIDStrDescriptor
                0x000000000800cdc0       0x24 USB_DEVICE/App/usbd_desc.o
                0x000000000800cdc0                USBD_FS_LangIDStrDescriptor
 .text.USBD_FS_ProductStrDescriptor
                0x000000000800cde4       0x3c USB_DEVICE/App/usbd_desc.o
                0x000000000800cde4                USBD_FS_ProductStrDescriptor
 .text.USBD_FS_ManufacturerStrDescriptor
                0x000000000800ce20       0x28 USB_DEVICE/App/usbd_desc.o
                0x000000000800ce20                USBD_FS_ManufacturerStrDescriptor
 .text.USBD_FS_SerialStrDescriptor
                0x000000000800ce48       0x24 USB_DEVICE/App/usbd_desc.o
                0x000000000800ce48                USBD_FS_SerialStrDescriptor
 .text.USBD_FS_ConfigStrDescriptor
                0x000000000800ce6c       0x3c USB_DEVICE/App/usbd_desc.o
                0x000000000800ce6c                USBD_FS_ConfigStrDescriptor
 .text.USBD_FS_InterfaceStrDescriptor
                0x000000000800cea8       0x3c USB_DEVICE/App/usbd_desc.o
                0x000000000800cea8                USBD_FS_InterfaceStrDescriptor
 .text.Get_SerialNum
                0x000000000800cee4       0x58 USB_DEVICE/App/usbd_desc.o
 .text.IntToUnicode
                0x000000000800cf3c       0x7c USB_DEVICE/App/usbd_desc.o
 .text.HAL_PCD_MspInit
                0x000000000800cfb8       0x4c USB_DEVICE/Target/usbd_conf.o
                0x000000000800cfb8                HAL_PCD_MspInit
 .text.HAL_PCD_SetupStageCallback
                0x000000000800d004       0x24 USB_DEVICE/Target/usbd_conf.o
                0x000000000800d004                HAL_PCD_SetupStageCallback
 .text.HAL_PCD_DataOutStageCallback
                0x000000000800d028       0x36 USB_DEVICE/Target/usbd_conf.o
                0x000000000800d028                HAL_PCD_DataOutStageCallback
 .text.HAL_PCD_DataInStageCallback
                0x000000000800d05e       0x34 USB_DEVICE/Target/usbd_conf.o
                0x000000000800d05e                HAL_PCD_DataInStageCallback
 .text.HAL_PCD_SOFCallback
                0x000000000800d092       0x1c USB_DEVICE/Target/usbd_conf.o
                0x000000000800d092                HAL_PCD_SOFCallback
 .text.HAL_PCD_ResetCallback
                0x000000000800d0ae       0x3c USB_DEVICE/Target/usbd_conf.o
                0x000000000800d0ae                HAL_PCD_ResetCallback
 *fill*         0x000000000800d0ea        0x2 
 .text.HAL_PCD_SuspendCallback
                0x000000000800d0ec       0x34 USB_DEVICE/Target/usbd_conf.o
                0x000000000800d0ec                HAL_PCD_SuspendCallback
 .text.HAL_PCD_ResumeCallback
                0x000000000800d120       0x1c USB_DEVICE/Target/usbd_conf.o
                0x000000000800d120                HAL_PCD_ResumeCallback
 .text.USBD_LL_Init
                0x000000000800d13c       0xb4 USB_DEVICE/Target/usbd_conf.o
                0x000000000800d13c                USBD_LL_Init
 .text.USBD_LL_Start
                0x000000000800d1f0       0x36 USB_DEVICE/Target/usbd_conf.o
                0x000000000800d1f0                USBD_LL_Start
 .text.USBD_LL_OpenEP
                0x000000000800d226       0x4c USB_DEVICE/Target/usbd_conf.o
                0x000000000800d226                USBD_LL_OpenEP
 .text.USBD_LL_CloseEP
                0x000000000800d272       0x3e USB_DEVICE/Target/usbd_conf.o
                0x000000000800d272                USBD_LL_CloseEP
 .text.USBD_LL_StallEP
                0x000000000800d2b0       0x3e USB_DEVICE/Target/usbd_conf.o
                0x000000000800d2b0                USBD_LL_StallEP
 .text.USBD_LL_ClearStallEP
                0x000000000800d2ee       0x3e USB_DEVICE/Target/usbd_conf.o
                0x000000000800d2ee                USBD_LL_ClearStallEP
 .text.USBD_LL_IsStallEP
                0x000000000800d32c       0x58 USB_DEVICE/Target/usbd_conf.o
                0x000000000800d32c                USBD_LL_IsStallEP
 .text.USBD_LL_SetUSBAddress
                0x000000000800d384       0x3e USB_DEVICE/Target/usbd_conf.o
                0x000000000800d384                USBD_LL_SetUSBAddress
 .text.USBD_LL_Transmit
                0x000000000800d3c2       0x46 USB_DEVICE/Target/usbd_conf.o
                0x000000000800d3c2                USBD_LL_Transmit
 .text.USBD_LL_PrepareReceive
                0x000000000800d408       0x46 USB_DEVICE/Target/usbd_conf.o
                0x000000000800d408                USBD_LL_PrepareReceive
 .text.USBD_LL_GetRxDataSize
                0x000000000800d44e       0x26 USB_DEVICE/Target/usbd_conf.o
                0x000000000800d44e                USBD_LL_GetRxDataSize
 .text.USBD_static_malloc
                0x000000000800d474       0x18 USB_DEVICE/Target/usbd_conf.o
                0x000000000800d474                USBD_static_malloc
 .text.USBD_static_free
                0x000000000800d48c       0x12 USB_DEVICE/Target/usbd_conf.o
                0x000000000800d48c                USBD_static_free
 .text.HAL_PCDEx_SetConnectionState
                0x000000000800d49e       0x16 USB_DEVICE/Target/usbd_conf.o
                0x000000000800d49e                HAL_PCDEx_SetConnectionState
 .text.USBD_Get_USB_Status
                0x000000000800d4b4       0x58 USB_DEVICE/Target/usbd_conf.o
 .text.__errno  0x000000000800d50c        0xc c:/st/stm32cubeide_1.5.1/stm32cubeide/plugins/com.st.stm32cube.ide.mcu.externaltools.gnu-tools-for-stm32.9-2020-q2-update.win32_1.5.0.202011040924/tools/bin/../lib/gcc/arm-none-eabi/9.3.1/../../../../arm-none-eabi/lib/thumb/v7-m/nofp\libc_nano.a(lib_a-errno.o)
                0x000000000800d50c                __errno
 .text.__libc_init_array
                0x000000000800d518       0x48 c:/st/stm32cubeide_1.5.1/stm32cubeide/plugins/com.st.stm32cube.ide.mcu.externaltools.gnu-tools-for-stm32.9-2020-q2-update.win32_1.5.0.202011040924/tools/bin/../lib/gcc/arm-none-eabi/9.3.1/../../../../arm-none-eabi/lib/thumb/v7-m/nofp\libc_nano.a(lib_a-init.o)
                0x000000000800d518                __libc_init_array
 .text.memset   0x000000000800d560       0x10 c:/st/stm32cubeide_1.5.1/stm32cubeide/plugins/com.st.stm32cube.ide.mcu.externaltools.gnu-tools-for-stm32.9-2020-q2-update.win32_1.5.0.202011040924/tools/bin/../lib/gcc/arm-none-eabi/9.3.1/../../../../arm-none-eabi/lib/thumb/v7-m/nofp\libc_nano.a(lib_a-memset.o)
                0x000000000800d560                memset
 .text.sqrt     0x000000000800d570       0x58 c:/st/stm32cubeide_1.5.1/stm32cubeide/plugins/com.st.stm32cube.ide.mcu.externaltools.gnu-tools-for-stm32.9-2020-q2-update.win32_1.5.0.202011040924/tools/bin/../lib/gcc/arm-none-eabi/9.3.1/../../../../arm-none-eabi/lib/thumb/v7-m/nofp\libm.a(lib_a-w_sqrt.o)
                0x000000000800d570                sqrt
 .text.__ieee754_sqrt
                0x000000000800d5c8      0x158 c:/st/stm32cubeide_1.5.1/stm32cubeide/plugins/com.st.stm32cube.ide.mcu.externaltools.gnu-tools-for-stm32.9-2020-q2-update.win32_1.5.0.202011040924/tools/bin/../lib/gcc/arm-none-eabi/9.3.1/../../../../arm-none-eabi/lib/thumb/v7-m/nofp\libm.a(lib_a-e_sqrt.o)
                0x000000000800d5c8                __ieee754_sqrt
 *(.glue_7)
 .glue_7        0x000000000800d720        0x0 linker stubs
 *(.glue_7t)
 .glue_7t       0x000000000800d720        0x0 linker stubs
 *(.eh_frame)
 .eh_frame      0x000000000800d720        0x0 c:/st/stm32cubeide_1.5.1/stm32cubeide/plugins/com.st.stm32cube.ide.mcu.externaltools.gnu-tools-for-stm32.9-2020-q2-update.win32_1.5.0.202011040924/tools/bin/../lib/gcc/arm-none-eabi/9.3.1/thumb/v7-m/nofp/crtbegin.o
 *(.init)
 .init          0x000000000800d720        0x4 c:/st/stm32cubeide_1.5.1/stm32cubeide/plugins/com.st.stm32cube.ide.mcu.externaltools.gnu-tools-for-stm32.9-2020-q2-update.win32_1.5.0.202011040924/tools/bin/../lib/gcc/arm-none-eabi/9.3.1/thumb/v7-m/nofp/crti.o
                0x000000000800d720                _init
 .init          0x000000000800d724        0x8 c:/st/stm32cubeide_1.5.1/stm32cubeide/plugins/com.st.stm32cube.ide.mcu.externaltools.gnu-tools-for-stm32.9-2020-q2-update.win32_1.5.0.202011040924/tools/bin/../lib/gcc/arm-none-eabi/9.3.1/thumb/v7-m/nofp/crtn.o
 *(.fini)
 .fini          0x000000000800d72c        0x4 c:/st/stm32cubeide_1.5.1/stm32cubeide/plugins/com.st.stm32cube.ide.mcu.externaltools.gnu-tools-for-stm32.9-2020-q2-update.win32_1.5.0.202011040924/tools/bin/../lib/gcc/arm-none-eabi/9.3.1/thumb/v7-m/nofp/crti.o
                0x000000000800d72c                _fini
 .fini          0x000000000800d730        0x8 c:/st/stm32cubeide_1.5.1/stm32cubeide/plugins/com.st.stm32cube.ide.mcu.externaltools.gnu-tools-for-stm32.9-2020-q2-update.win32_1.5.0.202011040924/tools/bin/../lib/gcc/arm-none-eabi/9.3.1/thumb/v7-m/nofp/crtn.o
                0x000000000800d738                . = ALIGN (0x4)
                0x000000000800d738                _etext = .

.vfp11_veneer   0x000000000800d738        0x0
 .vfp11_veneer  0x000000000800d738        0x0 linker stubs

.v4_bx          0x000000000800d738        0x0
 .v4_bx         0x000000000800d738        0x0 linker stubs

.iplt           0x000000000800d738        0x0
 .iplt          0x000000000800d738        0x0 c:/st/stm32cubeide_1.5.1/stm32cubeide/plugins/com.st.stm32cube.ide.mcu.externaltools.gnu-tools-for-stm32.9-2020-q2-update.win32_1.5.0.202011040924/tools/bin/../lib/gcc/arm-none-eabi/9.3.1/thumb/v7-m/nofp/crtbegin.o

.rodata         0x000000000800d738      0x4bc
                0x000000000800d738                . = ALIGN (0x4)
 *(.rodata)
 .rodata        0x000000000800d738        0x3 Core/Src/console.o
 *fill*         0x000000000800d73b        0x1 
 .rodata        0x000000000800d73c       0x10 Core/Src/lcd_i2c.o
 .rodata        0x000000000800d74c      0x3f6 Core/Src/main.o
 *fill*         0x000000000800db42        0x2 
 .rodata        0x000000000800db44       0x10 Drivers/STM32F1xx_HAL_Driver/Src/stm32f1xx_hal_rcc.o
 .rodata        0x000000000800db54       0x3e USB_DEVICE/App/usbd_desc.o
 *(.rodata*)
 *fill*         0x000000000800db92        0x2 
 .rodata.sett_item
                0x000000000800db94       0x48 Core/Src/main.o
                0x000000000800db94                sett_item
 .rodata.AHBPrescTable
                0x000000000800dbdc       0x10 Core/Src/system_stm32f1xx.o
                0x000000000800dbdc                AHBPrescTable
 .rodata.APBPrescTable
                0x000000000800dbec        0x8 Core/Src/system_stm32f1xx.o
                0x000000000800dbec                APBPrescTable
                0x000000000800dbf4                . = ALIGN (0x4)

.rel.dyn        0x000000000800dbf4        0x0
 .rel.iplt      0x000000000800dbf4        0x0 c:/st/stm32cubeide_1.5.1/stm32cubeide/plugins/com.st.stm32cube.ide.mcu.externaltools.gnu-tools-for-stm32.9-2020-q2-update.win32_1.5.0.202011040924/tools/bin/../lib/gcc/arm-none-eabi/9.3.1/thumb/v7-m/nofp/crtbegin.o

.ARM.extab      0x000000000800dbf4        0x0
                0x000000000800dbf4                . = ALIGN (0x4)
 *(.ARM.extab* .gnu.linkonce.armextab.*)
                0x000000000800dbf4                . = ALIGN (0x4)

.ARM            0x000000000800dbf4        0x0
                0x000000000800dbf4                . = ALIGN (0x4)
                0x000000000800dbf4                __exidx_start = .
 *(.ARM.exidx*)
                0x000000000800dbf4                __exidx_end = .
                0x000000000800dbf4                . = ALIGN (0x4)

.preinit_array  0x000000000800dbf4        0x0
                0x000000000800dbf4                . = ALIGN (0x4)
                0x000000000800dbf4                PROVIDE (__preinit_array_start = .)
 *(.preinit_array*)
                0x000000000800dbf4                PROVIDE (__preinit_array_end = .)
                0x000000000800dbf4                . = ALIGN (0x4)

.init_array     0x000000000800dbf4        0x4
                0x000000000800dbf4                . = ALIGN (0x4)
                0x000000000800dbf4                PROVIDE (__init_array_start = .)
 *(SORT_BY_NAME(.init_array.*))
 *(.init_array*)
 .init_array    0x000000000800dbf4        0x4 c:/st/stm32cubeide_1.5.1/stm32cubeide/plugins/com.st.stm32cube.ide.mcu.externaltools.gnu-tools-for-stm32.9-2020-q2-update.win32_1.5.0.202011040924/tools/bin/../lib/gcc/arm-none-eabi/9.3.1/thumb/v7-m/nofp/crtbegin.o
                0x000000000800dbf8                PROVIDE (__init_array_end = .)
                0x000000000800dbf8                . = ALIGN (0x4)

.fini_array     0x000000000800dbf8        0x4
                0x000000000800dbf8                . = ALIGN (0x4)
                [!provide]                        PROVIDE (__fini_array_start = .)
 *(SORT_BY_NAME(.fini_array.*))
 *(.fini_array*)
 .fini_array    0x000000000800dbf8        0x4 c:/st/stm32cubeide_1.5.1/stm32cubeide/plugins/com.st.stm32cube.ide.mcu.externaltools.gnu-tools-for-stm32.9-2020-q2-update.win32_1.5.0.202011040924/tools/bin/../lib/gcc/arm-none-eabi/9.3.1/thumb/v7-m/nofp/crtbegin.o
                [!provide]                        PROVIDE (__fini_array_end = .)
                0x000000000800dbfc                . = ALIGN (0x4)
                0x000000000800dbfc                _sidata = LOADADDR (.data)

.data           0x0000000020000000      0x234 load address 0x000000000800dbfc
                0x0000000020000000                . = ALIGN (0x4)
                0x0000000020000000                _sdata = .
 *(.data)
 *(.data*)
 .data.tx_empty
                0x0000000020000000        0x1 Core/Src/console.o
                0x0000000020000000                tx_empty
 *fill*         0x0000000020000001        0x3 
 .data.pump_feed
                0x0000000020000004       0x14 Core/Src/main.o
                0x0000000020000004                pump_feed
 .data.pump_speed
                0x0000000020000018       0x14 Core/Src/main.o
                0x0000000020000018                pump_speed
 .data.pump_max_length
                0x000000002000002c        0x4 Core/Src/main.o
                0x000000002000002c                pump_max_length
 .data.pump_home_speed
                0x0000000020000030        0x4 Core/Src/main.o
                0x0000000020000030                pump_home_speed
 .data.valve_delay
                0x0000000020000034        0x4 Core/Src/main.o
                0x0000000020000034                valve_delay
 .data.pump_manual_speed_set
                0x0000000020000038        0x8 Core/Src/main.o
                0x0000000020000038                pump_manual_speed_set
 .data.rotate_step
                0x0000000020000040        0x4 Core/Src/main.o
                0x0000000020000040                rotate_step
 .data.rotate_speed
                0x0000000020000044        0x4 Core/Src/main.o
                0x0000000020000044                rotate_speed
 .data.rotate_turns
                0x0000000020000048        0x4 Core/Src/main.o
                0x0000000020000048                rotate_turns
 .data.syringe_diam
                0x000000002000004c        0x4 Core/Src/main.o
                0x000000002000004c                syringe_diam
 .data.SystemCoreClock
                0x0000000020000050        0x4 Core/Src/system_stm32f1xx.o
                0x0000000020000050                SystemCoreClock
 .data.uwTickPrio
                0x0000000020000054        0x4 Drivers/STM32F1xx_HAL_Driver/Src/stm32f1xx_hal.o
                0x0000000020000054                uwTickPrio
 .data.uwTickFreq
                0x0000000020000058        0x1 Drivers/STM32F1xx_HAL_Driver/Src/stm32f1xx_hal.o
                0x0000000020000058                uwTickFreq
 *fill*         0x0000000020000059        0x3 
 .data.USBD_CDC_DeviceQualifierDesc
                0x000000002000005c        0xa Middlewares/ST/STM32_USB_Device_Library/Class/CDC/Src/usbd_cdc.o
 *fill*         0x0000000020000066        0x2 
 .data.USBD_CDC
                0x0000000020000068       0x38 Middlewares/ST/STM32_USB_Device_Library/Class/CDC/Src/usbd_cdc.o
                0x0000000020000068                USBD_CDC
 .data.USBD_CDC_CfgHSDesc
                0x00000000200000a0       0x43 Middlewares/ST/STM32_USB_Device_Library/Class/CDC/Src/usbd_cdc.o
                0x00000000200000a0                USBD_CDC_CfgHSDesc
 *fill*         0x00000000200000e3        0x1 
 .data.USBD_CDC_CfgFSDesc
                0x00000000200000e4       0x43 Middlewares/ST/STM32_USB_Device_Library/Class/CDC/Src/usbd_cdc.o
                0x00000000200000e4                USBD_CDC_CfgFSDesc
 *fill*         0x0000000020000127        0x1 
 .data.USBD_CDC_OtherSpeedCfgDesc
                0x0000000020000128       0x43 Middlewares/ST/STM32_USB_Device_Library/Class/CDC/Src/usbd_cdc.o
                0x0000000020000128                USBD_CDC_OtherSpeedCfgDesc
 *fill*         0x000000002000016b        0x1 
 .data.USBD_Interface_fops_FS
                0x000000002000016c       0x10 USB_DEVICE/App/usbd_cdc_if.o
                0x000000002000016c                USBD_Interface_fops_FS
 .data.FS_Desc  0x000000002000017c       0x1c USB_DEVICE/App/usbd_desc.o
                0x000000002000017c                FS_Desc
 .data.USBD_FS_DeviceDesc
                0x0000000020000198       0x12 USB_DEVICE/App/usbd_desc.o
                0x0000000020000198                USBD_FS_DeviceDesc
 *fill*         0x00000000200001aa        0x2 
 .data.USBD_LangIDDesc
                0x00000000200001ac        0x4 USB_DEVICE/App/usbd_desc.o
                0x00000000200001ac                USBD_LangIDDesc
 .data.USBD_StringSerial
                0x00000000200001b0       0x1a USB_DEVICE/App/usbd_desc.o
                0x00000000200001b0                USBD_StringSerial
 *fill*         0x00000000200001ca        0x2 
 .data._impure_ptr
                0x00000000200001cc        0x4 c:/st/stm32cubeide_1.5.1/stm32cubeide/plugins/com.st.stm32cube.ide.mcu.externaltools.gnu-tools-for-stm32.9-2020-q2-update.win32_1.5.0.202011040924/tools/bin/../lib/gcc/arm-none-eabi/9.3.1/../../../../arm-none-eabi/lib/thumb/v7-m/nofp\libc_nano.a(lib_a-impure.o)
                0x00000000200001cc                _impure_ptr
 .data.impure_data
                0x00000000200001d0       0x60 c:/st/stm32cubeide_1.5.1/stm32cubeide/plugins/com.st.stm32cube.ide.mcu.externaltools.gnu-tools-for-stm32.9-2020-q2-update.win32_1.5.0.202011040924/tools/bin/../lib/gcc/arm-none-eabi/9.3.1/../../../../arm-none-eabi/lib/thumb/v7-m/nofp\libc_nano.a(lib_a-impure.o)
 .data.__fdlib_version
                0x0000000020000230        0x1 c:/st/stm32cubeide_1.5.1/stm32cubeide/plugins/com.st.stm32cube.ide.mcu.externaltools.gnu-tools-for-stm32.9-2020-q2-update.win32_1.5.0.202011040924/tools/bin/../lib/gcc/arm-none-eabi/9.3.1/../../../../arm-none-eabi/lib/thumb/v7-m/nofp\libm.a(lib_a-s_lib_ver.o)
                0x0000000020000230                __fdlib_version
 *(.RamFunc)
 *(.RamFunc*)
                0x0000000020000234                . = ALIGN (0x4)
 *fill*         0x0000000020000231        0x3 
                0x0000000020000234                _edata = .

.igot.plt       0x0000000020000234        0x0 load address 0x000000000800de30
 .igot.plt      0x0000000020000234        0x0 c:/st/stm32cubeide_1.5.1/stm32cubeide/plugins/com.st.stm32cube.ide.mcu.externaltools.gnu-tools-for-stm32.9-2020-q2-update.win32_1.5.0.202011040924/tools/bin/../lib/gcc/arm-none-eabi/9.3.1/thumb/v7-m/nofp/crtbegin.o
                0x0000000020000234                . = ALIGN (0x4)

.bss            0x0000000020000234     0x2070 load address 0x000000000800de30
                0x0000000020000234                _sbss = .
                0x0000000020000234                __bss_start__ = _sbss
 *(.bss)
 .bss           0x0000000020000234       0x1c c:/st/stm32cubeide_1.5.1/stm32cubeide/plugins/com.st.stm32cube.ide.mcu.externaltools.gnu-tools-for-stm32.9-2020-q2-update.win32_1.5.0.202011040924/tools/bin/../lib/gcc/arm-none-eabi/9.3.1/thumb/v7-m/nofp/crtbegin.o
 *(.bss*)
 .bss.pump_delay
                0x0000000020000250       0x14 Core/Src/main.o
                0x0000000020000250                pump_delay
 .bss.pump_direction
                0x0000000020000264        0x4 Core/Src/main.o
                0x0000000020000264                pump_direction
 .bss.cur_pump_manual_speed
                0x0000000020000268        0x4 Core/Src/main.o
                0x0000000020000268                cur_pump_manual_speed
 .bss.rotate_direction
                0x000000002000026c        0x4 Core/Src/main.o
                0x000000002000026c                rotate_direction
 .bss.screen_to_refresh
                0x0000000020000270        0x4 Core/Src/main.o
                0x0000000020000270                screen_to_refresh
 .bss.lcd_to_refresh
                0x0000000020000274        0x4 Core/Src/main.o
                0x0000000020000274                lcd_to_refresh
 .bss.settings_level
                0x0000000020000278        0x4 Core/Src/main.o
                0x0000000020000278                settings_level
 .bss.settings_item
                0x000000002000027c        0x4 Core/Src/main.o
                0x000000002000027c                settings_item
 .bss.settings_changed
                0x0000000020000280        0x4 Core/Src/main.o
                0x0000000020000280                settings_changed
 .bss.screen_view
                0x0000000020000284        0x1 Core/Src/main.o
                0x0000000020000284                screen_view
 *fill*         0x0000000020000285        0x3 
 .bss.tick_10ms
                0x0000000020000288        0x4 Core/Src/main.o
                0x0000000020000288                tick_10ms
 .bss.cfgidx.8076
                0x000000002000028c        0x1 Middlewares/ST/STM32_USB_Device_Library/Core/Src/usbd_ctlreq.o
 *fill*         0x000000002000028d        0x3 
 .bss.mem.8146  0x0000000020000290      0x220 USB_DEVICE/Target/usbd_conf.o
 *(COMMON)
 COMMON         0x00000000200004b0       0xec Core/Src/cnc.o
                0x00000000200004b0                cnc2
                0x0000000020000528                cnc
 COMMON         0x000000002000059c      0x7f5 Core/Src/console.o
                0x000000002000059c                p
                0x00000000200005a0                rx_size
                0x00000000200005a4                rx_esc
                0x00000000200005a8                rx_str
                0x00000000200005bc                tx_buf
                0x0000000020000d8c                tx_size
                0x0000000020000d90                rx_char
 *fill*         0x0000000020000d91        0x3 
 COMMON         0x0000000020000d94       0x54 Core/Src/i2c.o
                0x0000000020000d94                hi2c1
 COMMON         0x0000000020000de8      0x4f5 Core/Src/main.o
                0x0000000020000de8                lcd_buf
                0x00000000200011d0                lcd
                0x00000000200011ec                pump_cmd_timeout
                0x00000000200011f0                scr
                0x0000000020001210                key
                0x00000000200012d8                pump_manual_speed
                0x00000000200012dc                user_cmd
 *fill*         0x00000000200012dd        0x3 
 COMMON         0x00000000200012e0       0x40 Core/Src/usart.o
                0x00000000200012e0                huart1
 COMMON         0x0000000020001320        0x4 Drivers/STM32F1xx_HAL_Driver/Src/stm32f1xx_hal.o
                0x0000000020001320                uwTick
 COMMON         0x0000000020001324      0x2c4 USB_DEVICE/App/usb_device.o
                0x0000000020001324                hUsbDeviceFS
 COMMON         0x00000000200015e8      0x7d0 USB_DEVICE/App/usbd_cdc_if.o
                0x00000000200015e8                UserRxBufferFS
                0x00000000200019d0                UserTxBufferFS
 COMMON         0x0000000020001db8      0x200 USB_DEVICE/App/usbd_desc.o
                0x0000000020001db8                USBD_StrDesc
 COMMON         0x0000000020001fb8      0x2ec USB_DEVICE/Target/usbd_conf.o
                0x0000000020001fb8                hpcd_USB_FS
                0x00000000200022a4                . = ALIGN (0x4)
                0x00000000200022a4                _ebss = .
                0x00000000200022a4                __bss_end__ = _ebss

._user_heap_stack
                0x00000000200022a4      0x604 load address 0x000000000800de30
                0x00000000200022a8                . = ALIGN (0x8)
 *fill*         0x00000000200022a4        0x4 
                [!provide]                        PROVIDE (end = .)
                0x00000000200022a8                PROVIDE (_end = .)
                0x00000000200024a8                . = (. + _Min_Heap_Size)
 *fill*         0x00000000200022a8      0x200 
                0x00000000200028a8                . = (. + _Min_Stack_Size)
 *fill*         0x00000000200024a8      0x400 
                0x00000000200028a8                . = ALIGN (0x8)

/DISCARD/
 libc.a(*)
 libm.a(*)
 libgcc.a(*)

.ARM.attributes
                0x0000000000000000       0x29
 *(.ARM.attributes)
 .ARM.attributes
                0x0000000000000000       0x1d c:/st/stm32cubeide_1.5.1/stm32cubeide/plugins/com.st.stm32cube.ide.mcu.externaltools.gnu-tools-for-stm32.9-2020-q2-update.win32_1.5.0.202011040924/tools/bin/../lib/gcc/arm-none-eabi/9.3.1/thumb/v7-m/nofp/crti.o
 .ARM.attributes
                0x000000000000001d       0x2d c:/st/stm32cubeide_1.5.1/stm32cubeide/plugins/com.st.stm32cube.ide.mcu.externaltools.gnu-tools-for-stm32.9-2020-q2-update.win32_1.5.0.202011040924/tools/bin/../lib/gcc/arm-none-eabi/9.3.1/thumb/v7-m/nofp/crtbegin.o
 .ARM.attributes
                0x000000000000004a       0x2d Core/Src/cnc.o
 .ARM.attributes
                0x0000000000000077       0x2d Core/Src/console.o
 .ARM.attributes
                0x00000000000000a4       0x2d Core/Src/gpio.o
 .ARM.attributes
                0x00000000000000d1       0x2d Core/Src/i2c.o
 .ARM.attributes
                0x00000000000000fe       0x2d Core/Src/lcd_i2c.o
 .ARM.attributes
                0x000000000000012b       0x2d Core/Src/main.o
 .ARM.attributes
                0x0000000000000158       0x2d Core/Src/my_print.o
 .ARM.attributes
                0x0000000000000185       0x2d Core/Src/stm32f1xx_hal_msp.o
 .ARM.attributes
                0x00000000000001b2       0x2d Core/Src/stm32f1xx_it.o
 .ARM.attributes
                0x00000000000001df       0x2d Core/Src/system_stm32f1xx.o
 .ARM.attributes
                0x000000000000020c       0x2d Core/Src/usart.o
 .ARM.attributes
                0x0000000000000239       0x21 Core/Startup/startup_stm32f103c8tx.o
 .ARM.attributes
                0x000000000000025a       0x2d Drivers/STM32F1xx_HAL_Driver/Src/stm32f1xx_hal.o
 .ARM.attributes
                0x0000000000000287       0x2d Drivers/STM32F1xx_HAL_Driver/Src/stm32f1xx_hal_cortex.o
 .ARM.attributes
                0x00000000000002b4       0x2d Drivers/STM32F1xx_HAL_Driver/Src/stm32f1xx_hal_dma.o
 .ARM.attributes
                0x00000000000002e1       0x2d Drivers/STM32F1xx_HAL_Driver/Src/stm32f1xx_hal_gpio.o
 .ARM.attributes
                0x000000000000030e       0x2d Drivers/STM32F1xx_HAL_Driver/Src/stm32f1xx_hal_i2c.o
 .ARM.attributes
                0x000000000000033b       0x2d Drivers/STM32F1xx_HAL_Driver/Src/stm32f1xx_hal_pcd.o
 .ARM.attributes
                0x0000000000000368       0x2d Drivers/STM32F1xx_HAL_Driver/Src/stm32f1xx_hal_pcd_ex.o
 .ARM.attributes
                0x0000000000000395       0x2d Drivers/STM32F1xx_HAL_Driver/Src/stm32f1xx_hal_rcc.o
 .ARM.attributes
                0x00000000000003c2       0x2d Drivers/STM32F1xx_HAL_Driver/Src/stm32f1xx_hal_rcc_ex.o
 .ARM.attributes
                0x00000000000003ef       0x2d Drivers/STM32F1xx_HAL_Driver/Src/stm32f1xx_hal_uart.o
 .ARM.attributes
                0x000000000000041c       0x2d Drivers/STM32F1xx_HAL_Driver/Src/stm32f1xx_ll_usb.o
 .ARM.attributes
                0x0000000000000449       0x2d Middlewares/ST/STM32_USB_Device_Library/Class/CDC/Src/usbd_cdc.o
 .ARM.attributes
                0x0000000000000476       0x2d Middlewares/ST/STM32_USB_Device_Library/Core/Src/usbd_core.o
 .ARM.attributes
                0x00000000000004a3       0x2d Middlewares/ST/STM32_USB_Device_Library/Core/Src/usbd_ctlreq.o
 .ARM.attributes
                0x00000000000004d0       0x2d Middlewares/ST/STM32_USB_Device_Library/Core/Src/usbd_ioreq.o
 .ARM.attributes
                0x00000000000004fd       0x2d USB_DEVICE/App/usb_device.o
 .ARM.attributes
                0x000000000000052a       0x2d USB_DEVICE/App/usbd_cdc_if.o
 .ARM.attributes
                0x0000000000000557       0x2d USB_DEVICE/App/usbd_desc.o
 .ARM.attributes
                0x0000000000000584       0x2d USB_DEVICE/Target/usbd_conf.o
 .ARM.attributes
                0x00000000000005b1       0x2d c:/st/stm32cubeide_1.5.1/stm32cubeide/plugins/com.st.stm32cube.ide.mcu.externaltools.gnu-tools-for-stm32.9-2020-q2-update.win32_1.5.0.202011040924/tools/bin/../lib/gcc/arm-none-eabi/9.3.1/../../../../arm-none-eabi/lib/thumb/v7-m/nofp\libc_nano.a(lib_a-errno.o)
 .ARM.attributes
                0x00000000000005de       0x2d c:/st/stm32cubeide_1.5.1/stm32cubeide/plugins/com.st.stm32cube.ide.mcu.externaltools.gnu-tools-for-stm32.9-2020-q2-update.win32_1.5.0.202011040924/tools/bin/../lib/gcc/arm-none-eabi/9.3.1/../../../../arm-none-eabi/lib/thumb/v7-m/nofp\libc_nano.a(lib_a-impure.o)
 .ARM.attributes
                0x000000000000060b       0x2d c:/st/stm32cubeide_1.5.1/stm32cubeide/plugins/com.st.stm32cube.ide.mcu.externaltools.gnu-tools-for-stm32.9-2020-q2-update.win32_1.5.0.202011040924/tools/bin/../lib/gcc/arm-none-eabi/9.3.1/../../../../arm-none-eabi/lib/thumb/v7-m/nofp\libc_nano.a(lib_a-init.o)
 .ARM.attributes
                0x0000000000000638       0x2d c:/st/stm32cubeide_1.5.1/stm32cubeide/plugins/com.st.stm32cube.ide.mcu.externaltools.gnu-tools-for-stm32.9-2020-q2-update.win32_1.5.0.202011040924/tools/bin/../lib/gcc/arm-none-eabi/9.3.1/../../../../arm-none-eabi/lib/thumb/v7-m/nofp\libc_nano.a(lib_a-memset.o)
 .ARM.attributes
                0x0000000000000665       0x2d c:/st/stm32cubeide_1.5.1/stm32cubeide/plugins/com.st.stm32cube.ide.mcu.externaltools.gnu-tools-for-stm32.9-2020-q2-update.win32_1.5.0.202011040924/tools/bin/../lib/gcc/arm-none-eabi/9.3.1/../../../../arm-none-eabi/lib/thumb/v7-m/nofp\libm.a(lib_a-w_sqrt.o)
 .ARM.attributes
                0x0000000000000692       0x2d c:/st/stm32cubeide_1.5.1/stm32cubeide/plugins/com.st.stm32cube.ide.mcu.externaltools.gnu-tools-for-stm32.9-2020-q2-update.win32_1.5.0.202011040924/tools/bin/../lib/gcc/arm-none-eabi/9.3.1/../../../../arm-none-eabi/lib/thumb/v7-m/nofp\libm.a(lib_a-e_sqrt.o)
 .ARM.attributes
                0x00000000000006bf       0x2d c:/st/stm32cubeide_1.5.1/stm32cubeide/plugins/com.st.stm32cube.ide.mcu.externaltools.gnu-tools-for-stm32.9-2020-q2-update.win32_1.5.0.202011040924/tools/bin/../lib/gcc/arm-none-eabi/9.3.1/../../../../arm-none-eabi/lib/thumb/v7-m/nofp\libm.a(lib_a-s_lib_ver.o)
 .ARM.attributes
                0x00000000000006ec       0x1d c:/st/stm32cubeide_1.5.1/stm32cubeide/plugins/com.st.stm32cube.ide.mcu.externaltools.gnu-tools-for-stm32.9-2020-q2-update.win32_1.5.0.202011040924/tools/bin/../lib/gcc/arm-none-eabi/9.3.1/thumb/v7-m/nofp\libgcc.a(_arm_addsubdf3.o)
 .ARM.attributes
                0x0000000000000709       0x1d c:/st/stm32cubeide_1.5.1/stm32cubeide/plugins/com.st.stm32cube.ide.mcu.externaltools.gnu-tools-for-stm32.9-2020-q2-update.win32_1.5.0.202011040924/tools/bin/../lib/gcc/arm-none-eabi/9.3.1/thumb/v7-m/nofp\libgcc.a(_arm_muldivdf3.o)
 .ARM.attributes
                0x0000000000000726       0x1d c:/st/stm32cubeide_1.5.1/stm32cubeide/plugins/com.st.stm32cube.ide.mcu.externaltools.gnu-tools-for-stm32.9-2020-q2-update.win32_1.5.0.202011040924/tools/bin/../lib/gcc/arm-none-eabi/9.3.1/thumb/v7-m/nofp\libgcc.a(_arm_cmpdf2.o)
 .ARM.attributes
                0x0000000000000743       0x1d c:/st/stm32cubeide_1.5.1/stm32cubeide/plugins/com.st.stm32cube.ide.mcu.externaltools.gnu-tools-for-stm32.9-2020-q2-update.win32_1.5.0.202011040924/tools/bin/../lib/gcc/arm-none-eabi/9.3.1/thumb/v7-m/nofp\libgcc.a(_arm_unorddf2.o)
 .ARM.attributes
                0x0000000000000760       0x1d c:/st/stm32cubeide_1.5.1/stm32cubeide/plugins/com.st.stm32cube.ide.mcu.externaltools.gnu-tools-for-stm32.9-2020-q2-update.win32_1.5.0.202011040924/tools/bin/../lib/gcc/arm-none-eabi/9.3.1/thumb/v7-m/nofp\libgcc.a(_arm_fixdfsi.o)
 .ARM.attributes
                0x000000000000077d       0x1d c:/st/stm32cubeide_1.5.1/stm32cubeide/plugins/com.st.stm32cube.ide.mcu.externaltools.gnu-tools-for-stm32.9-2020-q2-update.win32_1.5.0.202011040924/tools/bin/../lib/gcc/arm-none-eabi/9.3.1/thumb/v7-m/nofp/crtn.o
OUTPUT(AProgrammer.elf elf32-littlearm)
LOAD linker stubs
LOAD c:/st/stm32cubeide_1.5.1/stm32cubeide/plugins/com.st.stm32cube.ide.mcu.externaltools.gnu-tools-for-stm32.9-2020-q2-update.win32_1.5.0.202011040924/tools/bin/../lib/gcc/arm-none-eabi/9.3.1/../../../../arm-none-eabi/lib/thumb/v7-m/nofp\libc.a
LOAD c:/st/stm32cubeide_1.5.1/stm32cubeide/plugins/com.st.stm32cube.ide.mcu.externaltools.gnu-tools-for-stm32.9-2020-q2-update.win32_1.5.0.202011040924/tools/bin/../lib/gcc/arm-none-eabi/9.3.1/../../../../arm-none-eabi/lib/thumb/v7-m/nofp\libm.a
LOAD c:/st/stm32cubeide_1.5.1/stm32cubeide/plugins/com.st.stm32cube.ide.mcu.externaltools.gnu-tools-for-stm32.9-2020-q2-update.win32_1.5.0.202011040924/tools/bin/../lib/gcc/arm-none-eabi/9.3.1/thumb/v7-m/nofp\libgcc.a

.debug_info     0x0000000000000000    0x1bb33
 .debug_info    0x0000000000000000     0x14c5 Core/Src/cnc.o
 .debug_info    0x00000000000014c5      0x76a Core/Src/console.o
 .debug_info    0x0000000000001c2f      0x3ac Core/Src/gpio.o
 .debug_info    0x0000000000001fdb      0xaa1 Core/Src/i2c.o
 .debug_info    0x0000000000002a7c      0xc9a Core/Src/lcd_i2c.o
 .debug_info    0x0000000000003716     0x2715 Core/Src/main.o
 .debug_info    0x0000000000005e2b      0x3e8 Core/Src/my_print.o
 .debug_info    0x0000000000006213      0x2fc Core/Src/stm32f1xx_hal_msp.o
 .debug_info    0x000000000000650f      0xe2a Core/Src/stm32f1xx_it.o
 .debug_info    0x0000000000007339      0x2be Core/Src/system_stm32f1xx.o
 .debug_info    0x00000000000075f7      0xa0a Core/Src/usart.o
 .debug_info    0x0000000000008001       0x22 Core/Startup/startup_stm32f103c8tx.o
 .debug_info    0x0000000000008023      0x76a Drivers/STM32F1xx_HAL_Driver/Src/stm32f1xx_hal.o
 .debug_info    0x000000000000878d      0xbdc Drivers/STM32F1xx_HAL_Driver/Src/stm32f1xx_hal_cortex.o
 .debug_info    0x0000000000009369      0x81e Drivers/STM32F1xx_HAL_Driver/Src/stm32f1xx_hal_dma.o
 .debug_info    0x0000000000009b87      0x701 Drivers/STM32F1xx_HAL_Driver/Src/stm32f1xx_hal_gpio.o
 .debug_info    0x000000000000a288     0x2774 Drivers/STM32F1xx_HAL_Driver/Src/stm32f1xx_hal_i2c.o
 .debug_info    0x000000000000c9fc     0x1332 Drivers/STM32F1xx_HAL_Driver/Src/stm32f1xx_hal_pcd.o
 .debug_info    0x000000000000dd2e      0x7fa Drivers/STM32F1xx_HAL_Driver/Src/stm32f1xx_hal_pcd_ex.o
 .debug_info    0x000000000000e528      0x88e Drivers/STM32F1xx_HAL_Driver/Src/stm32f1xx_hal_rcc.o
 .debug_info    0x000000000000edb6      0x480 Drivers/STM32F1xx_HAL_Driver/Src/stm32f1xx_hal_rcc_ex.o
 .debug_info    0x000000000000f236     0x1322 Drivers/STM32F1xx_HAL_Driver/Src/stm32f1xx_hal_uart.o
 .debug_info    0x0000000000010558     0x1911 Drivers/STM32F1xx_HAL_Driver/Src/stm32f1xx_ll_usb.o
 .debug_info    0x0000000000011e69     0x1938 Middlewares/ST/STM32_USB_Device_Library/Class/CDC/Src/usbd_cdc.o
 .debug_info    0x00000000000137a1     0x12ef Middlewares/ST/STM32_USB_Device_Library/Core/Src/usbd_core.o
 .debug_info    0x0000000000014a90     0x125c Middlewares/ST/STM32_USB_Device_Library/Core/Src/usbd_ctlreq.o
 .debug_info    0x0000000000015cec     0x102e Middlewares/ST/STM32_USB_Device_Library/Core/Src/usbd_ioreq.o
 .debug_info    0x0000000000016d1a      0xf6b USB_DEVICE/App/usb_device.o
 .debug_info    0x0000000000017c85     0x1140 USB_DEVICE/App/usbd_cdc_if.o
 .debug_info    0x0000000000018dc5      0xde8 USB_DEVICE/App/usbd_desc.o
 .debug_info    0x0000000000019bad     0x1f86 USB_DEVICE/Target/usbd_conf.o

.debug_abbrev   0x0000000000000000     0x43fd
 .debug_abbrev  0x0000000000000000      0x3d5 Core/Src/cnc.o
 .debug_abbrev  0x00000000000003d5      0x1db Core/Src/console.o
 .debug_abbrev  0x00000000000005b0      0x14e Core/Src/gpio.o
 .debug_abbrev  0x00000000000006fe      0x1c4 Core/Src/i2c.o
 .debug_abbrev  0x00000000000008c2      0x278 Core/Src/lcd_i2c.o
 .debug_abbrev  0x0000000000000b3a      0x425 Core/Src/main.o
 .debug_abbrev  0x0000000000000f5f      0x135 Core/Src/my_print.o
 .debug_abbrev  0x0000000000001094      0x11d Core/Src/stm32f1xx_hal_msp.o
 .debug_abbrev  0x00000000000011b1      0x1c6 Core/Src/stm32f1xx_it.o
 .debug_abbrev  0x0000000000001377      0x14e Core/Src/system_stm32f1xx.o
 .debug_abbrev  0x00000000000014c5      0x1c4 Core/Src/usart.o
 .debug_abbrev  0x0000000000001689       0x12 Core/Startup/startup_stm32f103c8tx.o
 .debug_abbrev  0x000000000000169b      0x1ed Drivers/STM32F1xx_HAL_Driver/Src/stm32f1xx_hal.o
 .debug_abbrev  0x0000000000001888      0x313 Drivers/STM32F1xx_HAL_Driver/Src/stm32f1xx_hal_cortex.o
 .debug_abbrev  0x0000000000001b9b      0x228 Drivers/STM32F1xx_HAL_Driver/Src/stm32f1xx_hal_dma.o
 .debug_abbrev  0x0000000000001dc3      0x1e8 Drivers/STM32F1xx_HAL_Driver/Src/stm32f1xx_hal_gpio.o
 .debug_abbrev  0x0000000000001fab      0x288 Drivers/STM32F1xx_HAL_Driver/Src/stm32f1xx_hal_i2c.o
 .debug_abbrev  0x0000000000002233      0x29e Drivers/STM32F1xx_HAL_Driver/Src/stm32f1xx_hal_pcd.o
 .debug_abbrev  0x00000000000024d1      0x1ac Drivers/STM32F1xx_HAL_Driver/Src/stm32f1xx_hal_pcd_ex.o
 .debug_abbrev  0x000000000000267d      0x273 Drivers/STM32F1xx_HAL_Driver/Src/stm32f1xx_hal_rcc.o
 .debug_abbrev  0x00000000000028f0      0x193 Drivers/STM32F1xx_HAL_Driver/Src/stm32f1xx_hal_rcc_ex.o
 .debug_abbrev  0x0000000000002a83      0x270 Drivers/STM32F1xx_HAL_Driver/Src/stm32f1xx_hal_uart.o
 .debug_abbrev  0x0000000000002cf3      0x1fa Drivers/STM32F1xx_HAL_Driver/Src/stm32f1xx_ll_usb.o
 .debug_abbrev  0x0000000000002eed      0x2f6 Middlewares/ST/STM32_USB_Device_Library/Class/CDC/Src/usbd_cdc.o
 .debug_abbrev  0x00000000000031e3      0x2a8 Middlewares/ST/STM32_USB_Device_Library/Core/Src/usbd_core.o
 .debug_abbrev  0x000000000000348b      0x2de Middlewares/ST/STM32_USB_Device_Library/Core/Src/usbd_ctlreq.o
 .debug_abbrev  0x0000000000003769      0x20a Middlewares/ST/STM32_USB_Device_Library/Core/Src/usbd_ioreq.o
 .debug_abbrev  0x0000000000003973      0x1e4 USB_DEVICE/App/usb_device.o
 .debug_abbrev  0x0000000000003b57      0x2bf USB_DEVICE/App/usbd_cdc_if.o
 .debug_abbrev  0x0000000000003e16      0x2ca USB_DEVICE/App/usbd_desc.o
 .debug_abbrev  0x00000000000040e0      0x31d USB_DEVICE/Target/usbd_conf.o

.debug_aranges  0x0000000000000000     0x1270
 .debug_aranges
                0x0000000000000000       0xc8 Core/Src/cnc.o
 .debug_aranges
                0x00000000000000c8       0x38 Core/Src/console.o
 .debug_aranges
                0x0000000000000100       0x20 Core/Src/gpio.o
 .debug_aranges
                0x0000000000000120       0x30 Core/Src/i2c.o
 .debug_aranges
                0x0000000000000150       0x90 Core/Src/lcd_i2c.o
 .debug_aranges
                0x00000000000001e0       0xf8 Core/Src/main.o
 .debug_aranges
                0x00000000000002d8       0x38 Core/Src/my_print.o
 .debug_aranges
                0x0000000000000310       0x20 Core/Src/stm32f1xx_hal_msp.o
 .debug_aranges
                0x0000000000000330       0x80 Core/Src/stm32f1xx_it.o
 .debug_aranges
                0x00000000000003b0       0x28 Core/Src/system_stm32f1xx.o
 .debug_aranges
                0x00000000000003d8       0x30 Core/Src/usart.o
 .debug_aranges
                0x0000000000000408       0x28 Core/Startup/startup_stm32f103c8tx.o
 .debug_aranges
                0x0000000000000430       0xe0 Drivers/STM32F1xx_HAL_Driver/Src/stm32f1xx_hal.o
 .debug_aranges
                0x0000000000000510      0x100 Drivers/STM32F1xx_HAL_Driver/Src/stm32f1xx_hal_cortex.o
 .debug_aranges
                0x0000000000000610       0x80 Drivers/STM32F1xx_HAL_Driver/Src/stm32f1xx_hal_dma.o
 .debug_aranges
                0x0000000000000690       0x58 Drivers/STM32F1xx_HAL_Driver/Src/stm32f1xx_hal_gpio.o
 .debug_aranges
                0x00000000000006e8      0x2a0 Drivers/STM32F1xx_HAL_Driver/Src/stm32f1xx_hal_i2c.o
 .debug_aranges
                0x0000000000000988      0x138 Drivers/STM32F1xx_HAL_Driver/Src/stm32f1xx_hal_pcd.o
 .debug_aranges