cnc.c:95:6:CNC_StartTask_ab	24	static
cnc.c:105:6:CNC_StartTask	8	static
cnc.c:110:6:CNC_StartTask_i	16	static
cnc.c:126:6:CNC_Init	16	static
cnc.c:256:5:CNC_GoTo	32	static
cnc.c:299:6:CNC_Start_GoTo_ab	32	static
cnc.c:317:6:CNC_Start_GoTo	16	static
cnc.c:322:6:CNC_Start_GoTo_i	16	static
cnc.c:334:6:CNC_SetSpeed_i	16	static
cnc.c:341:6:CNC_Stop	16	static
cnc.c:351:6:CNC_Stop_i	16	static
cnc.c:361:6:CNC_Halt	16	static
cnc.c:374:6:CNC_StopHere	16	static
cnc.c:383:8:CNC_GetCoord	16	static
cnc.c:389:6:CNC_ResetCoord	16	static
cnc.c:395:5:CNC_TaskFinished	16	static
cnc.c:406:5:CNC_TaskFinished_i	16	static
cnc.c:414:6:CNC_Del	4	static
cnc.c:423:6:CNC_ISR	64	static
cnc.c:589:6:CNC_Update_ab	32	static
cnc.c:605:6:CNC_Update	8	static
cnc.c:610:6:CNC_Update_i	16	static
