core_cm3.h:1511:22:__NVIC_EnableIRQ	16	static
core_cm3.h:1639:22:__NVIC_SetPriority	16	static
main_keys.c:37:6:handle_key_states	16	static
main_keys.c:56:6:Init_Keys	16	static
main_console.c:12:6:HAL_UART_TxCpltCallback	16	static
main_console.c:20:6:HAL_UART_RxCpltCallback	16	static
main_console.c:28:6:HAL_UART_ErrorCallback	16	static
main_console.c:37:6:Init_Console	8	static
main_console.c:43:5:ParseParam	40	static
main_console.c:72:6:Console_ParseCommand	88	static
main_cnc.c:34:6:TIM1_UP_IRQHandler	8	static
main_cnc.c:39:6:TIM2_IRQHandler	8	static
main_cnc.c:45:6:Init_CNC	24	static
main_lcd.c:20:6:Init_LCD	8	static
main_lcd.c:49:6:lcd_refresh	32	static
main_loop.c:15:6:cmd_update_rotate_turns	16	static
main_loop.c:38:6:cmd_move_with_arrows	16	static
main_loop.c:69:6:cmd_start_dozing	32	static
main_loop.c:143:6:cmd_go_home	16	static
main_loop.c:164:6:Loop	8	static
main.c:154:6:Setup	8	static
main.c:177:6:screen_refresh	16	static
main.c:277:5:handle_esc_to_change_view	4	static
main.c:315:6:handle_key_events	16	static
main.c:450:6:Handle_1ms_Timer	8	static
main.c:471:5:main	8	static
main.c:517:6:SystemClock_Config	88	static
main.c:566:6:Error_Handler	4	static,ignoring_inline_asm
